Archive member included because of file (symbol)

/usr/local/pkg/sourcery-g++-lite-arm-eabi-2010.09.51-i686-1/arm-none-eabi/lib/thumb2/libc.a(lib_a-sprintf.o)
                              main.o (sprintf)
/usr/local/pkg/sourcery-g++-lite-arm-eabi-2010.09.51-i686-1/arm-none-eabi/lib/thumb2/libc.a(lib_a-strlen.o)
                              serialUSB.o (strlen)
/usr/local/pkg/sourcery-g++-lite-arm-eabi-2010.09.51-i686-1/arm-none-eabi/lib/thumb2/libc.a(lib_a-svfprintf.o)
                              /usr/local/pkg/sourcery-g++-lite-arm-eabi-2010.09.51-i686-1/arm-none-eabi/lib/thumb2/libc.a(lib_a-sprintf.o) (_svfprintf_r)
/usr/local/pkg/sourcery-g++-lite-arm-eabi-2010.09.51-i686-1/arm-none-eabi/lib/thumb2/libc.a(lib_a-dtoa.o)
                              /usr/local/pkg/sourcery-g++-lite-arm-eabi-2010.09.51-i686-1/arm-none-eabi/lib/thumb2/libc.a(lib_a-svfprintf.o) (_dtoa_r)
/usr/local/pkg/sourcery-g++-lite-arm-eabi-2010.09.51-i686-1/arm-none-eabi/lib/thumb2/libc.a(lib_a-impure.o)
                              /usr/local/pkg/sourcery-g++-lite-arm-eabi-2010.09.51-i686-1/arm-none-eabi/lib/thumb2/libc.a(lib_a-sprintf.o) (_impure_ptr)
/usr/local/pkg/sourcery-g++-lite-arm-eabi-2010.09.51-i686-1/arm-none-eabi/lib/thumb2/libc.a(lib_a-locale.o)
                              /usr/local/pkg/sourcery-g++-lite-arm-eabi-2010.09.51-i686-1/arm-none-eabi/lib/thumb2/libc.a(lib_a-svfprintf.o) (_localeconv_r)
/usr/local/pkg/sourcery-g++-lite-arm-eabi-2010.09.51-i686-1/arm-none-eabi/lib/thumb2/libc.a(lib_a-malloc.o)
                              /usr/local/pkg/sourcery-g++-lite-arm-eabi-2010.09.51-i686-1/arm-none-eabi/lib/thumb2/libc.a(lib_a-dtoa.o) (malloc)
/usr/local/pkg/sourcery-g++-lite-arm-eabi-2010.09.51-i686-1/arm-none-eabi/lib/thumb2/libc.a(lib_a-mallocr.o)
                              /usr/local/pkg/sourcery-g++-lite-arm-eabi-2010.09.51-i686-1/arm-none-eabi/lib/thumb2/libc.a(lib_a-svfprintf.o) (_malloc_r)
/usr/local/pkg/sourcery-g++-lite-arm-eabi-2010.09.51-i686-1/arm-none-eabi/lib/thumb2/libc.a(lib_a-memchr.o)
                              /usr/local/pkg/sourcery-g++-lite-arm-eabi-2010.09.51-i686-1/arm-none-eabi/lib/thumb2/libc.a(lib_a-svfprintf.o) (memchr)
/usr/local/pkg/sourcery-g++-lite-arm-eabi-2010.09.51-i686-1/arm-none-eabi/lib/thumb2/libc.a(lib_a-memcpy.o)
                              /usr/local/pkg/sourcery-g++-lite-arm-eabi-2010.09.51-i686-1/arm-none-eabi/lib/thumb2/libc.a(lib_a-dtoa.o) (memcpy)
/usr/local/pkg/sourcery-g++-lite-arm-eabi-2010.09.51-i686-1/arm-none-eabi/lib/thumb2/libc.a(lib_a-mlock.o)
                              /usr/local/pkg/sourcery-g++-lite-arm-eabi-2010.09.51-i686-1/arm-none-eabi/lib/thumb2/libc.a(lib_a-mallocr.o) (__malloc_lock)
/usr/local/pkg/sourcery-g++-lite-arm-eabi-2010.09.51-i686-1/arm-none-eabi/lib/thumb2/libc.a(lib_a-mprec.o)
                              /usr/local/pkg/sourcery-g++-lite-arm-eabi-2010.09.51-i686-1/arm-none-eabi/lib/thumb2/libc.a(lib_a-dtoa.o) (_Balloc)
/usr/local/pkg/sourcery-g++-lite-arm-eabi-2010.09.51-i686-1/arm-none-eabi/lib/thumb2/libc.a(lib_a-s_fpclassify.o)
                              /usr/local/pkg/sourcery-g++-lite-arm-eabi-2010.09.51-i686-1/arm-none-eabi/lib/thumb2/libc.a(lib_a-svfprintf.o) (__fpclassifyd)
/usr/local/pkg/sourcery-g++-lite-arm-eabi-2010.09.51-i686-1/arm-none-eabi/lib/thumb2/libc.a(lib_a-sbrkr.o)
                              /usr/local/pkg/sourcery-g++-lite-arm-eabi-2010.09.51-i686-1/arm-none-eabi/lib/thumb2/libc.a(lib_a-mallocr.o) (_sbrk_r)
/usr/local/pkg/sourcery-g++-lite-arm-eabi-2010.09.51-i686-1/arm-none-eabi/lib/thumb2/libc.a(lib_a-strcmp.o)
                              /usr/local/pkg/sourcery-g++-lite-arm-eabi-2010.09.51-i686-1/arm-none-eabi/lib/thumb2/libc.a(lib_a-locale.o) (strcmp)
/usr/local/pkg/sourcery-g++-lite-arm-eabi-2010.09.51-i686-1/arm-none-eabi/lib/thumb2/libc.a(lib_a-svfiprintf.o)
                              /usr/local/pkg/sourcery-g++-lite-arm-eabi-2010.09.51-i686-1/arm-none-eabi/lib/thumb2/libc.a(lib_a-svfprintf.o) (__ssprint_r)
/usr/local/pkg/sourcery-g++-lite-arm-eabi-2010.09.51-i686-1/arm-none-eabi/lib/thumb2/libc.a(lib_a-callocr.o)
                              /usr/local/pkg/sourcery-g++-lite-arm-eabi-2010.09.51-i686-1/arm-none-eabi/lib/thumb2/libc.a(lib_a-mprec.o) (_calloc_r)
/usr/local/pkg/sourcery-g++-lite-arm-eabi-2010.09.51-i686-1/arm-none-eabi/lib/thumb2/libc.a(lib_a-freer.o)
                              /usr/local/pkg/sourcery-g++-lite-arm-eabi-2010.09.51-i686-1/arm-none-eabi/lib/thumb2/libc.a(lib_a-malloc.o) (_free_r)
/usr/local/pkg/sourcery-g++-lite-arm-eabi-2010.09.51-i686-1/arm-none-eabi/lib/thumb2/libc.a(lib_a-memmove.o)
                              /usr/local/pkg/sourcery-g++-lite-arm-eabi-2010.09.51-i686-1/arm-none-eabi/lib/thumb2/libc.a(lib_a-svfiprintf.o) (memmove)
/usr/local/pkg/sourcery-g++-lite-arm-eabi-2010.09.51-i686-1/arm-none-eabi/lib/thumb2/libc.a(lib_a-memset.o)
[...]
Memory Configuration

Name             Origin             Length             Attributes
rom              0x00000000         0x00080000         xr
ram              0x10000000         0x00008000         xrw
ram1             0x2007c000         0x00004000         xrw
ram2             0x20080000         0x00004000         xrw
*default*        0x00000000         0xffffffff

Linker script and memory map

LOAD /opt/york/cs/net/sourcery-g++-lite-arm-eabi-2010.09.51-i686-1/bin/../lib/gcc/arm-none-eabi/4.5.1/thumb2/crti.o
LOAD /opt/york/cs/net/sourcery-g++-lite-arm-eabi-2010.09.51-i686-1/bin/../lib/gcc/arm-none-eabi/4.5.1/thumb2/crtbegin.o
LOAD main.o
LOAD serialUSB.o
LOAD dac.o
LOAD delay.o
LOAD adc.o
LOAD pwm.o
LOAD rit.o
LOAD /usr/local/pkg/lpc1700-cmsis-lite-2011.01.26-i686-1/lib/core_cm3.o
LOAD /usr/local/pkg/lpc1700-cmsis-lite-2011.01.26-i686-1/lib/system_LPC17xx.o
LOAD /usr/local/pkg/lpc1700-cmsis-lite-2011.01.26-i686-1/lib/startup_LPC17xx.o
START GROUP
LOAD /usr/local/pkg/sourcery-g++-lite-arm-eabi-2010.09.51-i686-1/arm-none-eabi/lib/thumb2/libc.a
LOAD /usr/local/pkg/sourcery-g++-lite-arm-eabi-2010.09.51-i686-1/arm-none-eabi/lib/thumb2/libg.a
LOAD /usr/local/pkg/sourcery-g++-lite-arm-eabi-2010.09.51-i686-1/arm-none-eabi/lib/thumb2/libstdc++.a
LOAD /usr/local/pkg/sourcery-g++-lite-arm-eabi-2010.09.51-i686-1/arm-none-eabi/lib/thumb2/libsupc++.a
LOAD /opt/york/cs/net/sourcery-g++-lite-arm-eabi-2010.09.51-i686-1/bin/../lib/gcc/arm-none-eabi/4.5.1/thumb2/libgcc.a
LOAD /usr/local/pkg/sourcery-g++-lite-arm-eabi-2010.09.51-i686-1/arm-none-eabi/lib/thumb2/libm.a
END GROUP
START GROUP
LOAD /opt/york/cs/net/sourcery-g++-lite-arm-eabi-2010.09.51-i686-1/bin/../lib/gcc/arm-none-eabi/4.5.1/thumb2/libgcc.a
LOAD /usr/local/pkg/sourcery-g++-lite-arm-eabi-2010.09.51-i686-1/arm-none-eabi/lib/thumb2/libc.a
LOAD /usr/local/pkg/sourcery-g++-lite-arm-eabi-2010.09.51-i686-1/arm-none-eabi/lib/thumb2/libcs3.a
LOAD /usr/local/pkg/sourcery-g++-lite-arm-eabi-2010.09.51-i686-1/arm-none-eabi/lib/thumb2/libcs3unhosted.a
LOAD /usr/local/pkg/sourcery-g++-lite-arm-eabi-2010.09.51-i686-1/arm-none-eabi/lib/thumb2/libcs3micro.a
END GROUP
                0x10008000                PROVIDE (__cs3_stack, (__cs3_region_start_ram + __cs3_region_size_ram))
                0x00007a18                PROVIDE (__cs3_stack_size, ((__cs3_region_start_ram + __cs3_region_size_ram) - _end))
                0x100005e8                PROVIDE (__cs3_heap_start, _end)
                0x10008000                PROVIDE (__cs3_heap_end, (__cs3_region_start_ram + __cs3_region_size_ram))

.text           0x00000000     0xc6ac
 CREATE_OBJECT_SYMBOLS
                0x00000000                __cs3_region_start_rom = .
 *(.cs3.region-head.rom)
                0x00000000                __cs3_interrupt_vector = __cs3_interrupt_vector_cortex_m
 *(.cs3.interrupt_vector)
 .cs3.interrupt_vector
                0x00000000       0xcc /usr/local/pkg/lpc1700-cmsis-lite-2011.01.26-i686-1/lib/startup_LPC17xx.o
                0x00000000                __cs3_interrupt_vector_cortex_m
                0x00000001                ASSERT ((. != __cs3_interrupt_vector_cortex_m), No interrupt vector)
 *(.rom)
 *(.rom.b)
                0x000000cc                __cs3_reset = __cs3_reset_cortex_m
 *(.cs3.reset)
 .cs3.reset     0x000000cc       0x10 /usr/local/pkg/lpc1700-cmsis-lite-2011.01.26-i686-1/lib/startup_LPC17xx.o
                0x000000cc                __cs3_reset_cortex_m
                0x00000001                ASSERT ((. != __cs3_reset), No reset code)
 *(.text .text.* .gnu.linkonce.t.*)
 .text          0x000000dc        0x0 /opt/york/cs/net/sourcery-g++-lite-arm-eabi-2010.09.51-i686-1/bin/../lib/gcc/arm-none-eabi/4.5.1/thumb2/crti.o
 .text          0x000000dc       0x30 /opt/york/cs/net/sourcery-g++-lite-arm-eabi-2010.09.51-i686-1/bin/../lib/gcc/arm-none-eabi/4.5.1/thumb2/crtbegin.o
 .text          0x0000010c        0x0 main.o
 *fill*         0x0000010c        0x4 00
 .text.wave_Sin
                0x00000110      0x188 main.o
                0x00000110                wave_Sin
 .text.rit_IRQHandler
                0x00000298       0x84 main.o
                0x00000298                rit_IRQHandler
 .text.main     0x0000031c      0x160 main.o
                0x0000031c                main
 .text          0x0000047c        0x0 serialUSB.o
 .text.serialUSBInit
                0x0000047c       0x90 serialUSB.o
                0x0000047c                serialUSBInit
 .text.serialUSBRead
                0x0000050c       0x2c serialUSB.o
                0x0000050c                serialUSBRead
 .text.serialUSBWrite
                0x00000538       0x34 serialUSB.o
                0x00000538                serialUSBWrite
 .text          0x0000056c        0x0 dac.o
 .text.dac_Init
                0x0000056c       0x40 dac.o
                0x0000056c                dac_Init
 .text.dac_UpdateData
                0x000005ac       0x20 dac.o
                0x000005ac                dac_UpdateData
 *fill*         0x000005cc        0x4 00
 .text.dac_UpdateVoltage
                0x000005d0       0x50 dac.o
                0x000005d0                dac_UpdateVoltage
 .text          0x00000620        0x0 delay.o
 .text.NVIC_SetPriority
                0x00000620       0x5c delay.o
 .text.SysTick_Config
                0x0000067c       0x64 delay.o
 .text.delayInit
                0x000006e0       0x2c delay.o
                0x000006e0                delayInit
 .text.SysTick_Handler
                0x0000070c       0x24 delay.o
                0x0000070c                SysTick_Handler
 .text.delay    0x00000730       0x34 delay.o
                0x00000730                delay
 .text          0x00000764        0x0 adc.o
 .text.ADC_InitChannel
                0x00000764       0x80 adc.o
                0x00000764                ADC_InitChannel
 *fill*         0x000007e4        0x4 00
 .text.ADC_GetChannelVoltage
                0x000007e8       0x68 adc.o
                0x000007e8                ADC_GetChannelVoltage
 .text.ADC_GetChannelData
                0x00000850       0x54 adc.o
                0x00000850                ADC_GetChannelData
 .text          0x000008a4        0x0 pwm.o
 .text.pwmInit  0x000008a4      0x120 pwm.o
                0x000008a4                pwmInit
 .text.pwmSetValue
                0x000009c4       0x48 pwm.o
                0x000009c4                pwmSetValue
 .text.pwmDisable
                0x00000a0c       0x28 pwm.o
                0x00000a0c                pwmDisable
 .text          0x00000a34        0x0 rit.o
 .text.NVIC_EnableIRQ
                0x00000a34       0x38 rit.o
 .text.RIT_IRQHandler
                0x00000a6c       0x18 rit.o
                0x00000a6c                RIT_IRQHandler
 .text.rit_Init
                0x00000a84       0x1c rit.o
                0x00000a84                rit_Init
 .text.rit_Enable
                0x00000aa0       0x28 rit.o
                0x00000aa0                rit_Enable
 .text          0x00000ac8        0x0 /usr/local/pkg/lpc1700-cmsis-lite-2011.01.26-i686-1/lib/core_cm3.o
 .text          0x00000ac8        0x0 /usr/local/pkg/lpc1700-cmsis-lite-2011.01.26-i686-1/lib/system_LPC17xx.o
 .text.SystemCoreClockUpdate
                0x00000ac8      0x228 /usr/local/pkg/lpc1700-cmsis-lite-2011.01.26-i686-1/lib/system_LPC17xx.o
                0x00000ac8                SystemCoreClockUpdate
 .text.SystemInit
                0x00000cf0      0x240 /usr/local/pkg/lpc1700-cmsis-lite-2011.01.26-i686-1/lib/system_LPC17xx.o
                0x00000cf0                SystemInit
 .text          0x00000f30       0x14 /usr/local/pkg/lpc1700-cmsis-lite-2011.01.26-i686-1/lib/startup_LPC17xx.o
                0x00000f30                NMI_Handler
                0x00000f32                HardFault_Handler
                0x00000f34                MemManage_Handler
                0x00000f36                BusFault_Handler
                0x00000f38                UsageFault_Handler
                0x00000f3a                SVC_Handler
                0x00000f3c                DebugMon_Handler
                0x00000f3e                PendSV_Handler
                0x00000f42                TIMER2_IRQHandler
                0x00000f42                I2C0_IRQHandler
                0x00000f42                USBActivity_IRQHandler
                0x00000f42                PWM1_IRQHandler
                0x00000f42                I2C1_IRQHandler
                0x00000f42                EINT2_IRQHandler
                0x00000f42                UART1_IRQHandler
                0x00000f42                EINT3_IRQHandler
                0x00000f42                CANActivity_IRQHandler
                0x00000f42                TIMER3_IRQHandler
                0x00000f42                UART0_IRQHandler
                0x00000f42                PLL0_IRQHandler
                0x00000f42                CAN_IRQHandler
                0x00000f42                PLL1_IRQHandler
                0x00000f42                SSP0_IRQHandler
                0x00000f42                I2S_IRQHandler
                0x00000f42                I2C2_IRQHandler
                0x00000f42                RTC_IRQHandler
                0x00000f42                TIMER0_IRQHandler
                0x00000f42                SPI_IRQHandler
                0x00000f42                EINT1_IRQHandler
                0x00000f42                TIMER1_IRQHandler
                0x00000f42                UART2_IRQHandler
                0x00000f42                Default_Handler
                0x00000f42                ADC_IRQHandler
                0x00000f42                SSP1_IRQHandler
                0x00000f42                USB_IRQHandler
                0x00000f42                BOD_IRQHandler
                0x00000f42                WDT_IRQHandler
                0x00000f42                QEI_IRQHandler
                0x00000f42                EINT0_IRQHandler
                0x00000f42                DMA_IRQHandler
                0x00000f42                UART3_IRQHandler
                0x00000f42                MCPWM_IRQHandler
                0x00000f42                ENET_IRQHandler
 .text          0x00000f44       0x94 /usr/local/pkg/sourcery-g++-lite-arm-eabi-2010.09.51-i686-1/arm-none-eabi/lib/thumb2/libc.a(lib_a-sprintf.o)
                0x00000f44                _sprintf_r
                0x00000f88                sprintf
 .text          0x00000fd8       0x60 /usr/local/pkg/sourcery-g++-lite-arm-eabi-2010.09.51-i686-1/arm-none-eabi/lib/thumb2/libc.a(lib_a-strlen.o)
                0x00000fd8                strlen
 .text          0x00001038     0x1658 /usr/local/pkg/sourcery-g++-lite-arm-eabi-2010.09.51-i686-1/arm-none-eabi/lib/thumb2/libc.a(lib_a-svfprintf.o)
                0x00001038                _svfprintf_r
 .text          0x00002690     0x1000 /usr/local/pkg/sourcery-g++-lite-arm-eabi-2010.09.51-i686-1/arm-none-eabi/lib/thumb2/libc.a(lib_a-dtoa.o)
                0x000027bc                _dtoa_r
 .text          0x00003690        0x0 /usr/local/pkg/sourcery-g++-lite-arm-eabi-2010.09.51-i686-1/arm-none-eabi/lib/thumb2/libc.a(lib_a-impure.o)
 .text          0x00003690       0xa0 /usr/local/pkg/sourcery-g++-lite-arm-eabi-2010.09.51-i686-1/arm-none-eabi/lib/thumb2/libc.a(lib_a-locale.o)
                0x00003690                _setlocale_r
                0x000036ec                __locale_charset
                0x000036f8                __locale_mb_cur_max
                0x00003704                __locale_msgcharset
                0x0000370c                __locale_cjk_lang
                0x00003710                _localeconv_r
                0x00003718                setlocale
                0x00003728                localeconv
 .text          0x00003730       0x20 /usr/local/pkg/sourcery-g++-lite-arm-eabi-2010.09.51-i686-1/arm-none-eabi/lib/thumb2/libc.a(lib_a-malloc.o)
                0x00003730                malloc
                0x00003740                free
 .text          0x00003750      0x57c /usr/local/pkg/sourcery-g++-lite-arm-eabi-2010.09.51-i686-1/arm-none-eabi/lib/thumb2/libc.a(lib_a-mallocr.o)
                0x00003750                _malloc_r
 .text          0x00003ccc       0x88 /usr/local/pkg/sourcery-g++-lite-arm-eabi-2010.09.51-i686-1/arm-none-eabi/lib/thumb2/libc.a(lib_a-memchr.o)
                0x00003ccc                memchr
 .text          0x00003d54      0x150 /usr/local/pkg/sourcery-g++-lite-arm-eabi-2010.09.51-i686-1/arm-none-eabi/lib/thumb2/libc.a(lib_a-memcpy.o)
                0x00003d54                memcpy
 .text          0x00003ea4        0x8 /usr/local/pkg/sourcery-g++-lite-arm-eabi-2010.09.51-i686-1/arm-none-eabi/lib/thumb2/libc.a(lib_a-mlock.o)
                0x00003ea4                __malloc_lock
                0x00003ea8                __malloc_unlock
 .text          0x00003eac      0x920 /usr/local/pkg/sourcery-g++-lite-arm-eabi-2010.09.51-i686-1/arm-none-eabi/lib/thumb2/libc.a(lib_a-mprec.o)
                0x00003eac                _Balloc
                0x00003f14                _Bfree
                0x00003f4c                __multadd
                0x00003fd0                __s2b
                0x00004064                __hi0bits
                0x000040a4                __lo0bits
                0x00004108                __i2b
                0x0000411c                __multiply
                0x00004244                __pow5mult
                0x000042e8                __lshift
                0x00004394                __mcmp
                0x000043d0                __mdiff
                0x000044c8                __ulp
                0x00004510                __b2d
                0x000045bc                __d2b
                0x00004684                __ratio
                0x000046f4                _mprec_log10
                0x00004728                __copybits
                0x00004770                __any_on
 .text          0x000047cc       0x90 /usr/local/pkg/sourcery-g++-lite-arm-eabi-2010.09.51-i686-1/arm-none-eabi/lib/thumb2/libc.a(lib_a-s_fpclassify.o)
                0x000047cc                __fpclassifyd
 .text          0x0000485c       0x28 /usr/local/pkg/sourcery-g++-lite-arm-eabi-2010.09.51-i686-1/arm-none-eabi/lib/thumb2/libc.a(lib_a-sbrkr.o)
                0x0000485c                _sbrk_r
 .text          0x00004884      0x1dc /usr/local/pkg/sourcery-g++-lite-arm-eabi-2010.09.51-i686-1/arm-none-eabi/lib/thumb2/libc.a(lib_a-strcmp.o)
                0x00004884                strcmp
 .text          0x00004a60      0xbe4 /usr/local/pkg/sourcery-g++-lite-arm-eabi-2010.09.51-i686-1/arm-none-eabi/lib/thumb2/libc.a(lib_a-svfiprintf.o)
                0x00004a60                __ssprint_r
                0x00004b68                _svfiprintf_r
 .text          0x00005644       0x5c /usr/local/pkg/sourcery-g++-lite-arm-eabi-2010.09.51-i686-1/arm-none-eabi/lib/thumb2/libc.a(lib_a-callocr.o)
                0x00005644                _calloc_r
 .text          0x000056a0      0x240 /usr/local/pkg/sourcery-g++-lite-arm-eabi-2010.09.51-i686-1/arm-none-eabi/lib/thumb2/libc.a(lib_a-freer.o)
                0x000056a0                _malloc_trim_r
                0x00005748                _free_r
 .text          0x000058e0       0xa0 /usr/local/pkg/sourcery-g++-lite-arm-eabi-2010.09.51-i686-1/arm-none-eabi/lib/thumb2/libc.a(lib_a-memmove.o)
                0x000058e0                memmove
 .text          0x00005980       0xb4 /usr/local/pkg/sourcery-g++-lite-arm-eabi-2010.09.51-i686-1/arm-none-eabi/lib/thumb2/libc.a(lib_a-memset.o)
                0x00005980                memset
 .text          0x00005a34      0x41c /usr/local/pkg/sourcery-g++-lite-arm-eabi-2010.09.51-i686-1/arm-none-eabi/lib/thumb2/libc.a(lib_a-reallocr.o)
                0x00005a34                _realloc_r
 .text          0x00005e50      0x114 /usr/local/pkg/sourcery-g++-lite-arm-eabi-2010.09.51-i686-1/arm-none-eabi/lib/thumb2/libc.a(lib_a-reent.o)
                0x00005e50                cleanup_glue
                0x00005e6c                _reclaim_reent
                0x00005f2c                _wrapup_reent
 *fill*         0x00005f64        0x4 00
 .text          0x00005f68      0x278 /opt/york/cs/net/sourcery-g++-lite-arm-eabi-2010.09.51-i686-1/bin/../lib/gcc/arm-none-eabi/4.5.1/thumb2/libgcc.a(_udivsi3.o)
                0x00005f68                __udivsi3
                0x00005f68                __aeabi_uidiv
                0x000061c4                __aeabi_uidivmod
 .text          0x000061e0        0x4 /opt/york/cs/net/sourcery-g++-lite-arm-eabi-2010.09.51-i686-1/bin/../lib/gcc/arm-none-eabi/4.5.1/thumb2/libgcc.a(_dvmd_tls.o)
                0x000061e0                __aeabi_ldiv0
                0x000061e0                __aeabi_idiv0
 .text          0x000061e4      0x370 /opt/york/cs/net/sourcery-g++-lite-arm-eabi-2010.09.51-i686-1/bin/../lib/gcc/arm-none-eabi/4.5.1/thumb2/libgcc.a(_arm_addsubdf3.o)
                0x000061e4                __aeabi_drsub
                0x000061ec                __aeabi_dsub
                0x000061ec                __subdf3
                0x000061f0                __adddf3
                0x000061f0                __aeabi_dadd
                0x00006468                __aeabi_ui2d
                0x00006468                __floatunsidf
                0x00006488                __floatsidf
                0x00006488                __aeabi_i2d
                0x000064ac                __extendsfdf2
                0x000064ac                __aeabi_f2d
                0x000064e8                __aeabi_ul2d
                0x000064e8                __floatundidf
                0x000064f8                __floatdidf
                0x000064f8                __aeabi_l2d
 .text          0x00006554      0x424 /opt/york/cs/net/sourcery-g++-lite-arm-eabi-2010.09.51-i686-1/bin/../lib/gcc/arm-none-eabi/4.5.1/thumb2/libgcc.a(_arm_muldivdf3.o)
                0x00006554                __aeabi_dmul
                0x00006554                __muldf3
                0x000067a8                __aeabi_ddiv
                0x000067a8                __divdf3
 .text          0x00006978      0x110 /opt/york/cs/net/sourcery-g++-lite-arm-eabi-2010.09.51-i686-1/bin/../lib/gcc/arm-none-eabi/4.5.1/thumb2/libgcc.a(_arm_cmpdf2.o)
                0x00006978                __gtdf2
                0x00006978                __gedf2
                0x00006980                __ltdf2
                0x00006980                __ledf2
                0x00006988                __cmpdf2
                0x00006988                __eqdf2
                0x00006988                __nedf2
                0x00006a04                __aeabi_cdrcmple
                0x00006a14                __aeabi_cdcmple
                0x00006a14                __aeabi_cdcmpeq
                0x00006a24                __aeabi_dcmpeq
                0x00006a38                __aeabi_dcmplt
                0x00006a4c                __aeabi_dcmple
                0x00006a60                __aeabi_dcmpge
                0x00006a74                __aeabi_dcmpgt
 .text          0x00006a88       0x50 /opt/york/cs/net/sourcery-g++-lite-arm-eabi-2010.09.51-i686-1/bin/../lib/gcc/arm-none-eabi/4.5.1/thumb2/libgcc.a(_arm_fixdfsi.o)
                0x00006a88                __fixdfsi
                0x00006a88                __aeabi_d2iz
 .text          0x00006ad8       0x40 /opt/york/cs/net/sourcery-g++-lite-arm-eabi-2010.09.51-i686-1/bin/../lib/gcc/arm-none-eabi/4.5.1/thumb2/libgcc.a(_arm_fixunsdfsi.o)
                0x00006ad8                __fixunsdfsi
                0x00006ad8                __aeabi_d2uiz
 .text          0x00006b18       0xa0 /opt/york/cs/net/sourcery-g++-lite-arm-eabi-2010.09.51-i686-1/bin/../lib/gcc/arm-none-eabi/4.5.1/thumb2/libgcc.a(_arm_truncdfsf2.o)
                0x00006b18                __aeabi_d2f
                0x00006b18                __truncdfsf2
 .text          0x00006bb8      0x21c /opt/york/cs/net/sourcery-g++-lite-arm-eabi-2010.09.51-i686-1/bin/../lib/gcc/arm-none-eabi/4.5.1/thumb2/libgcc.a(_arm_addsubsf3.o)
                0x00006bb8                __aeabi_frsub
                0x00006bc0                __subsf3
                0x00006bc0                __aeabi_fsub
                0x00006bc4                __aeabi_fadd
                0x00006bc4                __addsf3
                0x00006d24                __aeabi_ui2f
                0x00006d24                __floatunsisf
                0x00006d2c                __aeabi_i2f
                0x00006d2c                __floatsisf
                0x00006d48                __floatundisf
                0x00006d48                __aeabi_ul2f
                0x00006d58                __floatdisf
                0x00006d58                __aeabi_l2f
 .text          0x00006dd4      0x2a0 /opt/york/cs/net/sourcery-g++-lite-arm-eabi-2010.09.51-i686-1/bin/../lib/gcc/arm-none-eabi/4.5.1/thumb2/libgcc.a(_arm_muldivsf3.o)
                0x00006dd4                __mulsf3
                0x00006dd4                __aeabi_fmul
                0x00006f3c                __divsf3
                0x00006f3c                __aeabi_fdiv
 .text          0x00007074       0xec /opt/york/cs/net/sourcery-g++-lite-arm-eabi-2010.09.51-i686-1/bin/../lib/gcc/arm-none-eabi/4.5.1/thumb2/libgcc.a(_arm_cmpsf2.o)
                0x00007074                __gtsf2
                0x00007074                __gesf2
                0x0000707c                __lesf2
                0x0000707c                __ltsf2
                0x00007084                __nesf2
                0x00007084                __eqsf2
                0x00007084                __cmpsf2
                0x000070e4                __aeabi_cfrcmple
                0x000070ec                __aeabi_cfcmple
                0x000070ec                __aeabi_cfcmpeq
                0x000070fc                __aeabi_fcmpeq
                0x00007110                __aeabi_fcmplt
                0x00007124                __aeabi_fcmple
                0x00007138                __aeabi_fcmpge
                0x0000714c                __aeabi_fcmpgt
 .text          0x00007160       0x40 /opt/york/cs/net/sourcery-g++-lite-arm-eabi-2010.09.51-i686-1/bin/../lib/gcc/arm-none-eabi/4.5.1/thumb2/libgcc.a(_arm_fixunssfsi.o)
                0x00007160                __aeabi_f2uiz
                0x00007160                __fixunssfsi
 .text          0x000071a0       0x2c /opt/york/cs/net/sourcery-g++-lite-arm-eabi-2010.09.51-i686-1/bin/../lib/gcc/arm-none-eabi/4.5.1/thumb2/libgcc.a(_aeabi_uldivmod.o)
                0x000071a0                __aeabi_uldivmod
 .text          0x000071cc       0x60 /opt/york/cs/net/sourcery-g++-lite-arm-eabi-2010.09.51-i686-1/bin/../lib/gcc/arm-none-eabi/4.5.1/thumb2/libgcc.a(bpabi.o)
                0x000071cc                __gnu_ldivmod_helper
                0x000071fc                __gnu_uldivmod_helper
 .text          0x0000722c      0x364 /opt/york/cs/net/sourcery-g++-lite-arm-eabi-2010.09.51-i686-1/bin/../lib/gcc/arm-none-eabi/4.5.1/thumb2/libgcc.a(_divdi3.o)
                0x0000722c                __divdi3
 .text          0x00007590      0x314 /opt/york/cs/net/sourcery-g++-lite-arm-eabi-2010.09.51-i686-1/bin/../lib/gcc/arm-none-eabi/4.5.1/thumb2/libgcc.a(_udivdi3.o)
                0x00007590                __udivdi3
 .text          0x000078a4       0x98 /usr/local/pkg/sourcery-g++-lite-arm-eabi-2010.09.51-i686-1/arm-none-eabi/lib/thumb2/libm.a(lib_a-s_sin.o)
                0x000078a4                sin
 *fill*         0x0000793c        0x4 00
 .text          0x00007940      0x448 /usr/local/pkg/sourcery-g++-lite-arm-eabi-2010.09.51-i686-1/arm-none-eabi/lib/thumb2/libm.a(lib_a-e_rem_pio2.o)
                0x00007940                __ieee754_rem_pio2
 .text          0x00007d88      0x250 /usr/local/pkg/sourcery-g++-lite-arm-eabi-2010.09.51-i686-1/arm-none-eabi/lib/thumb2/libm.a(lib_a-k_cos.o)
                0x00007d88                __kernel_cos
 .text          0x00007fd8      0x7a8 /usr/local/pkg/sourcery-g++-lite-arm-eabi-2010.09.51-i686-1/arm-none-eabi/lib/thumb2/libm.a(lib_a-k_rem_pio2.o)
                0x00007fd8                __kernel_rem_pio2
 .text          0x00008780      0x168 /usr/local/pkg/sourcery-g++-lite-arm-eabi-2010.09.51-i686-1/arm-none-eabi/lib/thumb2/libm.a(lib_a-k_sin.o)
                0x00008780                __kernel_sin
 .text          0x000088e8        0x8 /usr/local/pkg/sourcery-g++-lite-arm-eabi-2010.09.51-i686-1/arm-none-eabi/lib/thumb2/libm.a(lib_a-s_fabs.o)
                0x000088e8                fabs
 .text          0x000088f0      0x128 /usr/local/pkg/sourcery-g++-lite-arm-eabi-2010.09.51-i686-1/arm-none-eabi/lib/thumb2/libm.a(lib_a-s_floor.o)
                0x000088f0                floor
 .text          0x00008a18      0x108 /usr/local/pkg/sourcery-g++-lite-arm-eabi-2010.09.51-i686-1/arm-none-eabi/lib/thumb2/libm.a(lib_a-s_scalbn.o)
                0x00008a18                scalbn
 .text          0x00008b20       0x14 /usr/local/pkg/sourcery-g++-lite-arm-eabi-2010.09.51-i686-1/arm-none-eabi/lib/thumb2/libm.a(lib_a-s_copysign.o)
                0x00008b20                copysign
 *fill*         0x00008b34        0x4 00
 .text          0x00008b38      0x2b0 /opt/york/cs/net/sourcery-g++-lite-arm-eabi-2010.09.51-i686-1/bin/../lib/gcc/arm-none-eabi/4.5.1/thumb2/libgcc.a(_divsi3.o)
                0x00008b38                __aeabi_idiv
                0x00008b38                __divsi3
                0x00008dcc                __aeabi_idivmod
 .text          0x00008de8       0x30 /usr/local/pkg/sourcery-g++-lite-arm-eabi-2010.09.51-i686-1/arm-none-eabi/lib/thumb2/libcs3.a(start_c.o)
                0x00008de8                __cs3_premain
 .text.cs3.init
                0x00008e18       0x50 /usr/local/pkg/sourcery-g++-lite-arm-eabi-2010.09.51-i686-1/arm-none-eabi/lib/thumb2/libcs3.a(start_c.o)
                0x00008e18                __cs3_start_c
 .text          0x00008e68       0x40 /usr/local/pkg/sourcery-g++-lite-arm-eabi-2010.09.51-i686-1/arm-none-eabi/lib/thumb2/libcs3unhosted.a(unhosted-sbrk.o)
                0x00008e68                _sbrk
 .text          0x00008ea8        0x0 /usr/local/pkg/sourcery-g++-lite-arm-eabi-2010.09.51-i686-1/arm-none-eabi/lib/thumb2/libcs3unhosted.a(unhosted-start.o)
 .text.cs3.init
                0x00008ea8       0x10 /usr/local/pkg/sourcery-g++-lite-arm-eabi-2010.09.51-i686-1/arm-none-eabi/lib/thumb2/libcs3unhosted.a(unhosted-start.o)
                0x00008ea8                _start
 .text          0x00008eb8        0xc /usr/local/pkg/sourcery-g++-lite-arm-eabi-2010.09.51-i686-1/arm-none-eabi/lib/thumb2/libc.a(lib_a-errno.o)
                0x00008eb8                __errno
 .text          0x00008ec4       0x50 /usr/local/pkg/sourcery-g++-lite-arm-eabi-2010.09.51-i686-1/arm-none-eabi/lib/thumb2/libc.a(lib_a-init.o)
                0x00008ec4                __libc_init_array
 .text          0x00008f14        0x0 /usr/local/pkg/sourcery-g++-lite-arm-eabi-2010.09.51-i686-1/arm-none-eabi/lib/thumb2/libcs3.a(heap.o)
 .text          0x00008f14        0x0 /usr/local/pkg/lpc1700-cmsis-lite-2011.01.26-i686-1/lib/libDriversLPC17xxgnu.a(lpc17xx_adc.o)
 .text.ADC_Init
                0x00008f14       0xa4 /usr/local/pkg/lpc1700-cmsis-lite-2011.01.26-i686-1/lib/libDriversLPC17xxgnu.a(lpc17xx_adc.o)
                0x00008f14                ADC_Init
 .text.ADC_DeInit
                0x00008fb8       0x48 /usr/local/pkg/lpc1700-cmsis-lite-2011.01.26-i686-1/lib/libDriversLPC17xxgnu.a(lpc17xx_adc.o)
                0x00008fb8                ADC_DeInit
 .text.ADC_GetData
                0x00009000       0x38 /usr/local/pkg/lpc1700-cmsis-lite-2011.01.26-i686-1/lib/libDriversLPC17xxgnu.a(lpc17xx_adc.o)
                0x00009000                ADC_GetData
 .text.ADC_StartCmd
                0x00009038       0x90 /usr/local/pkg/lpc1700-cmsis-lite-2011.01.26-i686-1/lib/libDriversLPC17xxgnu.a(lpc17xx_adc.o)
                0x00009038                ADC_StartCmd
 .text.ADC_BurstCmd
                0x000090c8       0x50 /usr/local/pkg/lpc1700-cmsis-lite-2011.01.26-i686-1/lib/libDriversLPC17xxgnu.a(lpc17xx_adc.o)
                0x000090c8                ADC_BurstCmd
 .text.ADC_PowerdownCmd
                0x00009118       0x50 /usr/local/pkg/lpc1700-cmsis-lite-2011.01.26-i686-1/lib/libDriversLPC17xxgnu.a(lpc17xx_adc.o)
                0x00009118                ADC_PowerdownCmd
 .text.ADC_EdgeStartConfig
                0x00009168       0x6c /usr/local/pkg/lpc1700-cmsis-lite-2011.01.26-i686-1/lib/libDriversLPC17xxgnu.a(lpc17xx_adc.o)
                0x00009168                ADC_EdgeStartConfig
 .text.ADC_IntConfig
                0x000091d4       0xb4 /usr/local/pkg/lpc1700-cmsis-lite-2011.01.26-i686-1/lib/libDriversLPC17xxgnu.a(lpc17xx_adc.o)
                0x000091d4                ADC_IntConfig
 .text.ADC_ChannelCmd
                0x00009288       0x70 /usr/local/pkg/lpc1700-cmsis-lite-2011.01.26-i686-1/lib/libDriversLPC17xxgnu.a(lpc17xx_adc.o)
                0x00009288                ADC_ChannelCmd
 .text.ADC_ChannelGetData
                0x000092f8       0x58 /usr/local/pkg/lpc1700-cmsis-lite-2011.01.26-i686-1/lib/libDriversLPC17xxgnu.a(lpc17xx_adc.o)
                0x000092f8                ADC_ChannelGetData
 .text.ADC_ChannelGetStatus
                0x00009350       0x8c /usr/local/pkg/lpc1700-cmsis-lite-2011.01.26-i686-1/lib/libDriversLPC17xxgnu.a(lpc17xx_adc.o)
                0x00009350                ADC_ChannelGetStatus
 .text.ADC_GlobalGetData
                0x000093dc       0x34 /usr/local/pkg/lpc1700-cmsis-lite-2011.01.26-i686-1/lib/libDriversLPC17xxgnu.a(lpc17xx_adc.o)
                0x000093dc                ADC_GlobalGetData
 .text.ADC_GlobalGetStatus
                0x00009410       0x7c /usr/local/pkg/lpc1700-cmsis-lite-2011.01.26-i686-1/lib/libDriversLPC17xxgnu.a(lpc17xx_adc.o)
                0x00009410                ADC_GlobalGetStatus
 .text          0x0000948c        0x0 /usr/local/pkg/lpc1700-cmsis-lite-2011.01.26-i686-1/lib/libDriversLPC17xxgnu.a(lpc17xx_clkpwr.o)
 .text.CLKPWR_SetPCLKDiv
                0x0000948c       0xd4 /usr/local/pkg/lpc1700-cmsis-lite-2011.01.26-i686-1/lib/libDriversLPC17xxgnu.a(lpc17xx_clkpwr.o)
                0x0000948c                CLKPWR_SetPCLKDiv
 .text.CLKPWR_GetPCLKSEL
                0x00009560       0x54 /usr/local/pkg/lpc1700-cmsis-lite-2011.01.26-i686-1/lib/libDriversLPC17xxgnu.a(lpc17xx_clkpwr.o)
                0x00009560                CLKPWR_GetPCLKSEL
 .text.CLKPWR_GetPCLK
                0x000095b4       0x70 /usr/local/pkg/lpc1700-cmsis-lite-2011.01.26-i686-1/lib/libDriversLPC17xxgnu.a(lpc17xx_clkpwr.o)
                0x000095b4                CLKPWR_GetPCLK
 .text.CLKPWR_ConfigPPWR
                0x00009624       0x80 /usr/local/pkg/lpc1700-cmsis-lite-2011.01.26-i686-1/lib/libDriversLPC17xxgnu.a(lpc17xx_clkpwr.o)
                0x00009624                CLKPWR_ConfigPPWR
 .text.CLKPWR_Sleep
                0x000096a4       0x1c /usr/local/pkg/lpc1700-cmsis-lite-2011.01.26-i686-1/lib/libDriversLPC17xxgnu.a(lpc17xx_clkpwr.o)
                0x000096a4                CLKPWR_Sleep
 .text.CLKPWR_DeepSleep
                0x000096c0       0x2c /usr/local/pkg/lpc1700-cmsis-lite-2011.01.26-i686-1/lib/libDriversLPC17xxgnu.a(lpc17xx_clkpwr.o)
                0x000096c0                CLKPWR_DeepSleep
 .text.CLKPWR_PowerDown
                0x000096ec       0x2c /usr/local/pkg/lpc1700-cmsis-lite-2011.01.26-i686-1/lib/libDriversLPC17xxgnu.a(lpc17xx_clkpwr.o)
                0x000096ec                CLKPWR_PowerDown
 .text.CLKPWR_DeepPowerDown
                0x00009718       0x2c /usr/local/pkg/lpc1700-cmsis-lite-2011.01.26-i686-1/lib/libDriversLPC17xxgnu.a(lpc17xx_clkpwr.o)
                0x00009718                CLKPWR_DeepPowerDown
 .text          0x00009744        0x0 /usr/local/pkg/lpc1700-cmsis-lite-2011.01.26-i686-1/lib/libDriversLPC17xxgnu.a(lpc17xx_dac.o)
 .text.DAC_Init
                0x00009744       0x40 /usr/local/pkg/lpc1700-cmsis-lite-2011.01.26-i686-1/lib/libDriversLPC17xxgnu.a(lpc17xx_dac.o)
                0x00009744                DAC_Init
 .text.DAC_UpdateValue
                0x00009784       0x58 /usr/local/pkg/lpc1700-cmsis-lite-2011.01.26-i686-1/lib/libDriversLPC17xxgnu.a(lpc17xx_dac.o)
                0x00009784                DAC_UpdateValue
 .text.DAC_SetBias
                0x000097dc       0x4c /usr/local/pkg/lpc1700-cmsis-lite-2011.01.26-i686-1/lib/libDriversLPC17xxgnu.a(lpc17xx_dac.o)
                0x000097dc                DAC_SetBias
 .text.DAC_ConfigDAConverterControl
                0x00009828       0x78 /usr/local/pkg/lpc1700-cmsis-lite-2011.01.26-i686-1/lib/libDriversLPC17xxgnu.a(lpc17xx_dac.o)
                0x00009828                DAC_ConfigDAConverterControl
 .text.DAC_SetDMATimeOut
                0x000098a0       0x38 /usr/local/pkg/lpc1700-cmsis-lite-2011.01.26-i686-1/lib/libDriversLPC17xxgnu.a(lpc17xx_dac.o)
                0x000098a0                DAC_SetDMATimeOut
 .text          0x000098d8        0x0 /usr/local/pkg/lpc1700-cmsis-lite-2011.01.26-i686-1/lib/libDriversLPC17xxgnu.a(lpc17xx_libcfg_default.o)
 .text.check_failed
                0x000098d8        0xc /usr/local/pkg/lpc1700-cmsis-lite-2011.01.26-i686-1/lib/libDriversLPC17xxgnu.a(lpc17xx_libcfg_default.o)
                0x000098d8                check_failed
 .text          0x000098e4        0x0 /usr/local/pkg/lpc1700-cmsis-lite-2011.01.26-i686-1/lib/libDriversLPC17xxgnu.a(lpc17xx_pinsel.o)
 .text.set_PinFunc
                0x000098e4       0xa0 /usr/local/pkg/lpc1700-cmsis-lite-2011.01.26-i686-1/lib/libDriversLPC17xxgnu.a(lpc17xx_pinsel.o)
 .text.set_ResistorMode
                0x00009984       0xa0 /usr/local/pkg/lpc1700-cmsis-lite-2011.01.26-i686-1/lib/libDriversLPC17xxgnu.a(lpc17xx_pinsel.o)
 .text.set_OpenDrainMode
                0x00009a24       0x80 /usr/local/pkg/lpc1700-cmsis-lite-2011.01.26-i686-1/lib/libDriversLPC17xxgnu.a(lpc17xx_pinsel.o)
 .text.PINSEL_ConfigTraceFunc
                0x00009aa4       0x54 /usr/local/pkg/lpc1700-cmsis-lite-2011.01.26-i686-1/lib/libDriversLPC17xxgnu.a(lpc17xx_pinsel.o)
                0x00009aa4                PINSEL_ConfigTraceFunc
 .text.PINSEL_SetI2C0Pins
                0x00009af8       0x3c /usr/local/pkg/lpc1700-cmsis-lite-2011.01.26-i686-1/lib/libDriversLPC17xxgnu.a(lpc17xx_pinsel.o)
                0x00009af8                PINSEL_SetI2C0Pins
 .text.PINSEL_ConfigPin
                0x00009b34       0x54 /usr/local/pkg/lpc1700-cmsis-lite-2011.01.26-i686-1/lib/libDriversLPC17xxgnu.a(lpc17xx_pinsel.o)
                0x00009b34                PINSEL_ConfigPin
 .text          0x00009b88        0x0 /usr/local/pkg/lpc1700-cmsis-lite-2011.01.26-i686-1/lib/libDriversLPC17xxgnu.a(lpc17xx_pwm.o)
 .text.PWM_GetIntStatus
                0x00009b88       0x94 /usr/local/pkg/lpc1700-cmsis-lite-2011.01.26-i686-1/lib/libDriversLPC17xxgnu.a(lpc17xx_pwm.o)
                0x00009b88                PWM_GetIntStatus
 .text.PWM_ClearIntPending
                0x00009c1c       0x84 /usr/local/pkg/lpc1700-cmsis-lite-2011.01.26-i686-1/lib/libDriversLPC17xxgnu.a(lpc17xx_pwm.o)
                0x00009c1c                PWM_ClearIntPending
 .text.PWM_ConfigStructInit
                0x00009ca0       0x68 /usr/local/pkg/lpc1700-cmsis-lite-2011.01.26-i686-1/lib/libDriversLPC17xxgnu.a(lpc17xx_pwm.o)
                0x00009ca0                PWM_ConfigStructInit
 .text.PWM_Init
                0x00009d08      0x1b4 /usr/local/pkg/lpc1700-cmsis-lite-2011.01.26-i686-1/lib/libDriversLPC17xxgnu.a(lpc17xx_pwm.o)
                0x00009d08                PWM_Init
 .text.PWM_DeInit
                0x00009ebc       0x44 /usr/local/pkg/lpc1700-cmsis-lite-2011.01.26-i686-1/lib/libDriversLPC17xxgnu.a(lpc17xx_pwm.o)
                0x00009ebc                PWM_DeInit
 .text.PWM_Cmd  0x00009f00       0x70 /usr/local/pkg/lpc1700-cmsis-lite-2011.01.26-i686-1/lib/libDriversLPC17xxgnu.a(lpc17xx_pwm.o)
                0x00009f00                PWM_Cmd
 .text.PWM_CounterCmd
                0x00009f70       0x70 /usr/local/pkg/lpc1700-cmsis-lite-2011.01.26-i686-1/lib/libDriversLPC17xxgnu.a(lpc17xx_pwm.o)
                0x00009f70                PWM_CounterCmd
 .text.PWM_ResetCounter
                0x00009fe0       0x48 /usr/local/pkg/lpc1700-cmsis-lite-2011.01.26-i686-1/lib/libDriversLPC17xxgnu.a(lpc17xx_pwm.o)
                0x00009fe0                PWM_ResetCounter
 .text.PWM_ConfigMatch
                0x0000a028      0x1fc /usr/local/pkg/lpc1700-cmsis-lite-2011.01.26-i686-1/lib/libDriversLPC17xxgnu.a(lpc17xx_pwm.o)
                0x0000a028                PWM_ConfigMatch
 .text.PWM_ConfigCapture
                0x0000a224      0x1f8 /usr/local/pkg/lpc1700-cmsis-lite-2011.01.26-i686-1/lib/libDriversLPC17xxgnu.a(lpc17xx_pwm.o)
                0x0000a224                PWM_ConfigCapture
 .text.PWM_GetCaptureValue
                0x0000a41c       0x6c /usr/local/pkg/lpc1700-cmsis-lite-2011.01.26-i686-1/lib/libDriversLPC17xxgnu.a(lpc17xx_pwm.o)
                0x0000a41c                PWM_GetCaptureValue
 .text.PWM_MatchUpdate
                0x0000a488      0x108 /usr/local/pkg/lpc1700-cmsis-lite-2011.01.26-i686-1/lib/libDriversLPC17xxgnu.a(lpc17xx_pwm.o)
                0x0000a488                PWM_MatchUpdate
 .text.PWM_ChannelConfig
                0x0000a590       0xd0 /usr/local/pkg/lpc1700-cmsis-lite-2011.01.26-i686-1/lib/libDriversLPC17xxgnu.a(lpc17xx_pwm.o)
                0x0000a590                PWM_ChannelConfig
 .text.PWM_ChannelCmd
                0x0000a660       0xbc /usr/local/pkg/lpc1700-cmsis-lite-2011.01.26-i686-1/lib/libDriversLPC17xxgnu.a(lpc17xx_pwm.o)
                0x0000a660                PWM_ChannelCmd
 .text          0x0000a71c        0x0 /usr/local/pkg/lpc1700-cmsis-lite-2011.01.26-i686-1/lib/libDriversLPC17xxgnu.a(lpc17xx_rit.o)
 .text.RIT_Init
                0x0000a71c       0x5c /usr/local/pkg/lpc1700-cmsis-lite-2011.01.26-i686-1/lib/libDriversLPC17xxgnu.a(lpc17xx_rit.o)
                0x0000a71c                RIT_Init
 .text.RIT_DeInit
                0x0000a778       0x5c /usr/local/pkg/lpc1700-cmsis-lite-2011.01.26-i686-1/lib/libDriversLPC17xxgnu.a(lpc17xx_rit.o)
                0x0000a778                RIT_DeInit
 .text.RIT_TimerConfig
                0x0000a7d4       0x6c /usr/local/pkg/lpc1700-cmsis-lite-2011.01.26-i686-1/lib/libDriversLPC17xxgnu.a(lpc17xx_rit.o)
                0x0000a7d4                RIT_TimerConfig
 .text.RIT_Cmd  0x0000a840       0x78 /usr/local/pkg/lpc1700-cmsis-lite-2011.01.26-i686-1/lib/libDriversLPC17xxgnu.a(lpc17xx_rit.o)
                0x0000a840                RIT_Cmd
 .text.RIT_TimerDebugCmd
                0x0000a8b8       0x78 /usr/local/pkg/lpc1700-cmsis-lite-2011.01.26-i686-1/lib/libDriversLPC17xxgnu.a(lpc17xx_rit.o)
                0x0000a8b8                RIT_TimerDebugCmd
 .text.RIT_GetIntStatus
                0x0000a930       0x60 /usr/local/pkg/lpc1700-cmsis-lite-2011.01.26-i686-1/lib/libDriversLPC17xxgnu.a(lpc17xx_rit.o)
                0x0000a930                RIT_GetIntStatus
 .text          0x0000a990        0x0 /usr/local/pkg/lpc1700-cmsis-lite-2011.01.26-i686-1/lib/libDriversLPC17xxgnu.a(lpc17xx_uart.o)
 .text.uart_set_divisors
                0x0000a990      0x26c /usr/local/pkg/lpc1700-cmsis-lite-2011.01.26-i686-1/lib/libDriversLPC17xxgnu.a(lpc17xx_uart.o)
 .text.UART_Init
                0x0000abfc      0x368 /usr/local/pkg/lpc1700-cmsis-lite-2011.01.26-i686-1/lib/libDriversLPC17xxgnu.a(lpc17xx_uart.o)
                0x0000abfc                UART_Init
 .text.UART_DeInit
                0x0000af64       0xcc /usr/local/pkg/lpc1700-cmsis-lite-2011.01.26-i686-1/lib/libDriversLPC17xxgnu.a(lpc17xx_uart.o)
                0x0000af64                UART_DeInit
 .text.UART_ConfigStructInit
                0x0000b030       0x34 /usr/local/pkg/lpc1700-cmsis-lite-2011.01.26-i686-1/lib/libDriversLPC17xxgnu.a(lpc17xx_uart.o)
                0x0000b030                UART_ConfigStructInit
 .text.UART_SendByte
                0x0000b064       0x78 /usr/local/pkg/lpc1700-cmsis-lite-2011.01.26-i686-1/lib/libDriversLPC17xxgnu.a(lpc17xx_uart.o)
                0x0000b064                UART_SendByte
 .text.UART_ReceiveByte
                0x0000b0dc       0x78 /usr/local/pkg/lpc1700-cmsis-lite-2011.01.26-i686-1/lib/libDriversLPC17xxgnu.a(lpc17xx_uart.o)
                0x0000b0dc                UART_ReceiveByte
 .text.UART_Send
                0x0000b154      0x10c /usr/local/pkg/lpc1700-cmsis-lite-2011.01.26-i686-1/lib/libDriversLPC17xxgnu.a(lpc17xx_uart.o)
                0x0000b154                UART_Send
 .text.UART_Receive
                0x0000b260       0xd8 /usr/local/pkg/lpc1700-cmsis-lite-2011.01.26-i686-1/lib/libDriversLPC17xxgnu.a(lpc17xx_uart.o)
                0x0000b260                UART_Receive
 .text.UART_ForceBreak
                0x0000b338       0x88 /usr/local/pkg/lpc1700-cmsis-lite-2011.01.26-i686-1/lib/libDriversLPC17xxgnu.a(lpc17xx_uart.o)
                0x0000b338                UART_ForceBreak
 .text.UART_IntConfig
                0x0000b3c0      0x1d0 /usr/local/pkg/lpc1700-cmsis-lite-2011.01.26-i686-1/lib/libDriversLPC17xxgnu.a(lpc17xx_uart.o)
                0x0000b3c0                UART_IntConfig
 .text.UART_GetLineStatus
                0x0000b590       0x7c /usr/local/pkg/lpc1700-cmsis-lite-2011.01.26-i686-1/lib/libDriversLPC17xxgnu.a(lpc17xx_uart.o)
                0x0000b590                UART_GetLineStatus
 .text.UART_GetIntId
                0x0000b60c       0x68 /usr/local/pkg/lpc1700-cmsis-lite-2011.01.26-i686-1/lib/libDriversLPC17xxgnu.a(lpc17xx_uart.o)
                0x0000b60c                UART_GetIntId
 .text.UART_CheckBusy
                0x0000b674       0x2c /usr/local/pkg/lpc1700-cmsis-lite-2011.01.26-i686-1/lib/libDriversLPC17xxgnu.a(lpc17xx_uart.o)
                0x0000b674                UART_CheckBusy
 .text.UART_FIFOConfig
                0x0000b6a0      0x184 /usr/local/pkg/lpc1700-cmsis-lite-2011.01.26-i686-1/lib/libDriversLPC17xxgnu.a(lpc17xx_uart.o)
                0x0000b6a0                UART_FIFOConfig
 .text.UART_FIFOConfigStructInit
                0x0000b824       0x34 /usr/local/pkg/lpc1700-cmsis-lite-2011.01.26-i686-1/lib/libDriversLPC17xxgnu.a(lpc17xx_uart.o)
                0x0000b824                UART_FIFOConfigStructInit
 .text.UART_ABCmd
                0x0000b858      0x15c /usr/local/pkg/lpc1700-cmsis-lite-2011.01.26-i686-1/lib/libDriversLPC17xxgnu.a(lpc17xx_uart.o)
                0x0000b858                UART_ABCmd
 .text.UART_ABClearIntPending
                0x0000b9b4       0x88 /usr/local/pkg/lpc1700-cmsis-lite-2011.01.26-i686-1/lib/libDriversLPC17xxgnu.a(lpc17xx_uart.o)
                0x0000b9b4                UART_ABClearIntPending
 .text.UART_TxCmd
                0x0000ba3c       0xe8 /usr/local/pkg/lpc1700-cmsis-lite-2011.01.26-i686-1/lib/libDriversLPC17xxgnu.a(lpc17xx_uart.o)
                0x0000ba3c                UART_TxCmd
 .text.UART_IrDAInvtInputCmd
                0x0000bb24       0x84 /usr/local/pkg/lpc1700-cmsis-lite-2011.01.26-i686-1/lib/libDriversLPC17xxgnu.a(lpc17xx_uart.o)
                0x0000bb24                UART_IrDAInvtInputCmd
 .text.UART_IrDACmd
                0x0000bba8       0x80 /usr/local/pkg/lpc1700-cmsis-lite-2011.01.26-i686-1/lib/libDriversLPC17xxgnu.a(lpc17xx_uart.o)
                0x0000bba8                UART_IrDACmd
 .text.UART_IrDAPulseDivConfig
                0x0000bc28       0xac /usr/local/pkg/lpc1700-cmsis-lite-2011.01.26-i686-1/lib/libDriversLPC17xxgnu.a(lpc17xx_uart.o)
                0x0000bc28                UART_IrDAPulseDivConfig
 .text.UART_FullModemForcePinState
                0x0000bcd4       0xcc /usr/local/pkg/lpc1700-cmsis-lite-2011.01.26-i686-1/lib/libDriversLPC17xxgnu.a(lpc17xx_uart.o)
                0x0000bcd4                UART_FullModemForcePinState
 .text.UART_FullModemConfigMode
                0x0000bda0       0xd8 /usr/local/pkg/lpc1700-cmsis-lite-2011.01.26-i686-1/lib/libDriversLPC17xxgnu.a(lpc17xx_uart.o)
                0x0000bda0                UART_FullModemConfigMode
 .text.UART_FullModemGetStatus
                0x0000be78       0x38 /usr/local/pkg/lpc1700-cmsis-lite-2011.01.26-i686-1/lib/libDriversLPC17xxgnu.a(lpc17xx_uart.o)
                0x0000be78                UART_FullModemGetStatus
 .text.UART_RS485Config
                0x0000beb0      0x1bc /usr/local/pkg/lpc1700-cmsis-lite-2011.01.26-i686-1/lib/libDriversLPC17xxgnu.a(lpc17xx_uart.o)
                0x0000beb0                UART_RS485Config
 .text.UART_RS485ReceiverCmd
                0x0000c06c       0x48 /usr/local/pkg/lpc1700-cmsis-lite-2011.01.26-i686-1/lib/libDriversLPC17xxgnu.a(lpc17xx_uart.o)
                0x0000c06c                UART_RS485ReceiverCmd
 .text.UART_RS485Send
                0x0000c0b4       0x84 /usr/local/pkg/lpc1700-cmsis-lite-2011.01.26-i686-1/lib/libDriversLPC17xxgnu.a(lpc17xx_uart.o)
                0x0000c0b4                UART_RS485Send
 .text.UART_RS485SendSlvAddr
                0x0000c138       0x28 /usr/local/pkg/lpc1700-cmsis-lite-2011.01.26-i686-1/lib/libDriversLPC17xxgnu.a(lpc17xx_uart.o)
                0x0000c138                UART_RS485SendSlvAddr
 .text.UART_RS485SendData
                0x0000c160       0x28 /usr/local/pkg/lpc1700-cmsis-lite-2011.01.26-i686-1/lib/libDriversLPC17xxgnu.a(lpc17xx_uart.o)
                0x0000c160                UART_RS485SendData
 .text          0x0000c188        0x0 /opt/york/cs/net/sourcery-g++-lite-arm-eabi-2010.09.51-i686-1/bin/../lib/gcc/arm-none-eabi/4.5.1/thumb2/crtend.o
 .text          0x0000c188        0x0 /opt/york/cs/net/sourcery-g++-lite-arm-eabi-2010.09.51-i686-1/bin/../lib/gcc/arm-none-eabi/4.5.1/thumb2/crtn.o
 *(.plt)
 *(.gnu.warning)
 *(.glue_7t)
 .glue_7t       0x00000000        0x0 linker stubs
 *(.glue_7)
 .glue_7        0x00000000        0x0 linker stubs
 *(.vfp11_veneer)
 .vfp11_veneer  0x00000000        0x0 linker stubs
 *(.rodata .rodata.* .gnu.linkonce.r.*)
 .rodata        0x0000c188       0xf4 main.o
 .rodata        0x0000c27c       0x20 /usr/local/pkg/sourcery-g++-lite-arm-eabi-2010.09.51-i686-1/arm-none-eabi/lib/thumb2/libc.a(lib_a-svfprintf.o)
 .rodata.str1.4
                0x0000c29c       0x42 /usr/local/pkg/sourcery-g++-lite-arm-eabi-2010.09.51-i686-1/arm-none-eabi/lib/thumb2/libc.a(lib_a-svfprintf.o)
                                 0x44 (size before relaxing)
 *fill*         0x0000c2de        0x2 00
 .rodata.str1.4
                0x0000c2e0       0x10 /usr/local/pkg/sourcery-g++-lite-arm-eabi-2010.09.51-i686-1/arm-none-eabi/lib/thumb2/libc.a(lib_a-dtoa.o)
                                 0x14 (size before relaxing)
 .rodata        0x0000c2f0        0x4 /usr/local/pkg/sourcery-g++-lite-arm-eabi-2010.09.51-i686-1/arm-none-eabi/lib/thumb2/libc.a(lib_a-impure.o)
                0x0000c2f0                _global_impure_ptr
 .rodata.str1.4
                0x0000c2f4        0x2 /usr/local/pkg/sourcery-g++-lite-arm-eabi-2010.09.51-i686-1/arm-none-eabi/lib/thumb2/libc.a(lib_a-impure.o)
                                  0x4 (size before relaxing)
 *fill*         0x0000c2f6        0x2 00
 .rodata.str1.4
                0x0000c2f8        0xc /usr/local/pkg/sourcery-g++-lite-arm-eabi-2010.09.51-i686-1/arm-none-eabi/lib/thumb2/libc.a(lib_a-locale.o)
                                 0x14 (size before relaxing)
 *fill*         0x0000c304        0x4 00
 .rodata        0x0000c308      0x128 /usr/local/pkg/sourcery-g++-lite-arm-eabi-2010.09.51-i686-1/arm-none-eabi/lib/thumb2/libc.a(lib_a-mprec.o)
                0x0000c318                __mprec_tens
                0x0000c3e0                __mprec_bigtens
                0x0000c408                __mprec_tinytens
 .rodata        0x0000c430       0x20 /usr/local/pkg/sourcery-g++-lite-arm-eabi-2010.09.51-i686-1/arm-none-eabi/lib/thumb2/libc.a(lib_a-svfiprintf.o)
 .rodata.str1.4
                0x00000000       0x30 /usr/local/pkg/sourcery-g++-lite-arm-eabi-2010.09.51-i686-1/arm-none-eabi/lib/thumb2/libc.a(lib_a-svfiprintf.o)
 .rodata        0x0000c450      0x188 /usr/local/pkg/sourcery-g++-lite-arm-eabi-2010.09.51-i686-1/arm-none-eabi/lib/thumb2/libm.a(lib_a-e_rem_pio2.o)
 .rodata        0x0000c5d8       0x50 /usr/local/pkg/sourcery-g++-lite-arm-eabi-2010.09.51-i686-1/arm-none-eabi/lib/thumb2/libm.a(lib_a-k_rem_pio2.o)
 .rodata        0x0000c628       0x10 /usr/local/pkg/lpc1700-cmsis-lite-2011.01.26-i686-1/lib/libDriversLPC17xxgnu.a(lpc17xx_adc.o)
 .rodata        0x0000c638       0x10 /usr/local/pkg/lpc1700-cmsis-lite-2011.01.26-i686-1/lib/libDriversLPC17xxgnu.a(lpc17xx_dac.o)
 .rodata        0x0000c648       0x10 /usr/local/pkg/lpc1700-cmsis-lite-2011.01.26-i686-1/lib/libDriversLPC17xxgnu.a(lpc17xx_pwm.o)
 .rodata        0x0000c658       0x10 /usr/local/pkg/lpc1700-cmsis-lite-2011.01.26-i686-1/lib/libDriversLPC17xxgnu.a(lpc17xx_rit.o)
 .rodata        0x0000c668       0x10 /usr/local/pkg/lpc1700-cmsis-lite-2011.01.26-i686-1/lib/libDriversLPC17xxgnu.a(lpc17xx_uart.o)
 *(.ARM.extab* .gnu.linkonce.armextab.*)
 .ARM.extab.cs3.reset
                0x0000c678        0x0 /usr/local/pkg/lpc1700-cmsis-lite-2011.01.26-i686-1/lib/startup_LPC17xx.o
 .ARM.extab     0x0000c678        0x0 /opt/york/cs/net/sourcery-g++-lite-arm-eabi-2010.09.51-i686-1/bin/../lib/gcc/arm-none-eabi/4.5.1/thumb2/libgcc.a(_divdi3.o)
 .ARM.extab     0x0000c678        0x0 /opt/york/cs/net/sourcery-g++-lite-arm-eabi-2010.09.51-i686-1/bin/../lib/gcc/arm-none-eabi/4.5.1/thumb2/libgcc.a(_udivdi3.o)
 *(.gcc_except_table)
 *(.eh_frame_hdr)
 *(.eh_frame)
                0x0000c678                . = ALIGN (0x4)
 *(.init)
 .init          0x0000c678        0x4 /opt/york/cs/net/sourcery-g++-lite-arm-eabi-2010.09.51-i686-1/bin/../lib/gcc/arm-none-eabi/4.5.1/thumb2/crti.o
                0x0000c678                _init
 .init          0x0000c67c        0x8 /opt/york/cs/net/sourcery-g++-lite-arm-eabi-2010.09.51-i686-1/bin/../lib/gcc/arm-none-eabi/4.5.1/thumb2/crtn.o
                0x0000c684                . = ALIGN (0x4)
                0x0000c684                __preinit_array_start = .
 *(.preinit_array)
                0x0000c684                __preinit_array_end = .
                0x0000c684                . = ALIGN (0x4)
                0x0000c684                __init_array_start = .
 *(SORT(.init_array.*))
 *(.init_array)
 .init_array    0x0000c684        0x4 /opt/york/cs/net/sourcery-g++-lite-arm-eabi-2010.09.51-i686-1/bin/../lib/gcc/arm-none-eabi/4.5.1/thumb2/crtbegin.o
                0x0000c688                __init_array_end = .
                0x0000c688                . = ALIGN (0x4)
 *crtbegin.o(.ctors)
 *(EXCLUDE_FILE(*crtend.o) .ctors)
 *(SORT(.ctors.*))
 *crtend.o(.ctors)
                0x0000c688                . = ALIGN (0x4)
 *(.fini)
 .fini          0x0000c688        0x4 /opt/york/cs/net/sourcery-g++-lite-arm-eabi-2010.09.51-i686-1/bin/../lib/gcc/arm-none-eabi/4.5.1/thumb2/crti.o
                0x0000c688                _fini
 .fini          0x0000c68c        0x8 /opt/york/cs/net/sourcery-g++-lite-arm-eabi-2010.09.51-i686-1/bin/../lib/gcc/arm-none-eabi/4.5.1/thumb2/crtn.o
                0x0000c694                . = ALIGN (0x4)
                0x0000c694                __fini_array_start = .
 *(.fini_array)
 .fini_array    0x0000c694        0x4 /opt/york/cs/net/sourcery-g++-lite-arm-eabi-2010.09.51-i686-1/bin/../lib/gcc/arm-none-eabi/4.5.1/thumb2/crtbegin.o
 *(SORT(.fini_array.*))
                0x0000c698                __fini_array_end = .
 *crtbegin.o(.dtors)
 *(EXCLUDE_FILE(*crtend.o) .dtors)
 *(SORT(.dtors.*))
 *crtend.o(.dtors)
                0x0000c698                . = ALIGN (0x4)
                0x0000c698                __cs3_regions = .
                0x0000c698        0x4 LONG 0x0
                0x0000c69c        0x4 LONG 0xc6b8 __cs3_region_init_ram
                0x0000c6a0        0x4 LONG 0x10000000 __cs3_region_start_ram
                0x0000c6a4        0x4 LONG 0x598 __cs3_region_init_size_ram
                0x0000c6a8        0x4 LONG 0x50 __cs3_region_zero_size_ram
                0x0000c6ac                __exidx_start = .

.v4_bx          0x0000c6ac        0x0
 .v4_bx         0x00000000        0x0 linker stubs

.ARM.exidx      0x0000c6ac        0x8
 *(.ARM.exidx* .gnu.linkonce.armexidx.*)
 .ARM.exidx.cs3.reset
                0x0000c6ac        0x8 /usr/local/pkg/lpc1700-cmsis-lite-2011.01.26-i686-1/lib/startup_LPC17xx.o
 .ARM.exidx     0x0000c6b4        0x0 /opt/york/cs/net/sourcery-g++-lite-arm-eabi-2010.09.51-i686-1/bin/../lib/gcc/arm-none-eabi/4.5.1/thumb2/libgcc.a(_divdi3.o)
                                  0x8 (size before relaxing)
 .ARM.exidx     0x0000c6b4        0x0 /opt/york/cs/net/sourcery-g++-lite-arm-eabi-2010.09.51-i686-1/bin/../lib/gcc/arm-none-eabi/4.5.1/thumb2/libgcc.a(_udivdi3.o)
                                  0x8 (size before relaxing)
                0x0000c6b4                __exidx_end = .

.text.align     0x0000c6b4        0x4
                0x0000c6b8                . = ALIGN (0x8)
 *fill*         0x0000c6b4        0x4 00
                0x0000c6b8                _etext = .
                0x00080000                __cs3_region_size_rom = 0x80000
                0x00000001                __cs3_region_num = 0x1

.data           0x10000000      0x598 load address 0x0000c6b8
                0x10000000                __cs3_region_start_ram = .
 *(.cs3.region-head.ram)
 *(.jcr)
 .jcr           0x10000000        0x0 /opt/york/cs/net/sourcery-g++-lite-arm-eabi-2010.09.51-i686-1/bin/../lib/gcc/arm-none-eabi/4.5.1/thumb2/crtbegin.o
 .jcr           0x10000000        0x4 /opt/york/cs/net/sourcery-g++-lite-arm-eabi-2010.09.51-i686-1/bin/../lib/gcc/arm-none-eabi/4.5.1/thumb2/crtend.o
 *(.got.plt)
 *(.got)
 *(.shdata)
 *(.data .data.* .gnu.linkonce.d.*)
 .data          0x10000004        0x0 /opt/york/cs/net/sourcery-g++-lite-arm-eabi-2010.09.51-i686-1/bin/../lib/gcc/arm-none-eabi/4.5.1/thumb2/crti.o
 .data          0x10000004        0x4 /opt/york/cs/net/sourcery-g++-lite-arm-eabi-2010.09.51-i686-1/bin/../lib/gcc/arm-none-eabi/4.5.1/thumb2/crtbegin.o
                0x10000004                __dso_handle
 .data          0x10000008        0x0 main.o
 .data          0x10000008        0x0 serialUSB.o
 .data          0x10000008        0x0 dac.o
 .data          0x10000008        0x0 delay.o
 .data          0x10000008        0x0 adc.o
 .data          0x10000008        0x0 pwm.o
 .data          0x10000008        0x0 rit.o
 .data          0x10000008        0x0 /usr/local/pkg/lpc1700-cmsis-lite-2011.01.26-i686-1/lib/core_cm3.o
 .data          0x10000008        0x0 /usr/local/pkg/lpc1700-cmsis-lite-2011.01.26-i686-1/lib/system_LPC17xx.o
 .data.SystemCoreClock
                0x10000008        0x4 /usr/local/pkg/lpc1700-cmsis-lite-2011.01.26-i686-1/lib/system_LPC17xx.o
                0x10000008                SystemCoreClock
 .data          0x1000000c        0x0 /usr/local/pkg/lpc1700-cmsis-lite-2011.01.26-i686-1/lib/startup_LPC17xx.o
 .data          0x1000000c        0x0 /usr/local/pkg/sourcery-g++-lite-arm-eabi-2010.09.51-i686-1/arm-none-eabi/lib/thumb2/libc.a(lib_a-sprintf.o)
 .data          0x1000000c        0x0 /usr/local/pkg/sourcery-g++-lite-arm-eabi-2010.09.51-i686-1/arm-none-eabi/lib/thumb2/libc.a(lib_a-strlen.o)
 .data          0x1000000c        0x0 /usr/local/pkg/sourcery-g++-lite-arm-eabi-2010.09.51-i686-1/arm-none-eabi/lib/thumb2/libc.a(lib_a-svfprintf.o)
 .data          0x1000000c        0x0 /usr/local/pkg/sourcery-g++-lite-arm-eabi-2010.09.51-i686-1/arm-none-eabi/lib/thumb2/libc.a(lib_a-dtoa.o)
 .data          0x1000000c       0xf4 /usr/local/pkg/sourcery-g++-lite-arm-eabi-2010.09.51-i686-1/arm-none-eabi/lib/thumb2/libc.a(lib_a-impure.o)
                0x1000000c                _impure_ptr
 .data          0x10000100       0x7c /usr/local/pkg/sourcery-g++-lite-arm-eabi-2010.09.51-i686-1/arm-none-eabi/lib/thumb2/libc.a(lib_a-locale.o)
                0x10000120                __mb_cur_max
 .data          0x1000017c        0x0 /usr/local/pkg/sourcery-g++-lite-arm-eabi-2010.09.51-i686-1/arm-none-eabi/lib/thumb2/libc.a(lib_a-malloc.o)
 .data          0x1000017c      0x410 /usr/local/pkg/sourcery-g++-lite-arm-eabi-2010.09.51-i686-1/arm-none-eabi/lib/thumb2/libc.a(lib_a-mallocr.o)
                0x1000017c                __malloc_av_
                0x10000584                __malloc_sbrk_base
                0x10000588                __malloc_trim_threshold
 .data          0x1000058c        0x0 /usr/local/pkg/sourcery-g++-lite-arm-eabi-2010.09.51-i686-1/arm-none-eabi/lib/thumb2/libc.a(lib_a-memchr.o)
 .data          0x1000058c        0x0 /usr/local/pkg/sourcery-g++-lite-arm-eabi-2010.09.51-i686-1/arm-none-eabi/lib/thumb2/libc.a(lib_a-memcpy.o)
 .data          0x1000058c        0x0 /usr/local/pkg/sourcery-g++-lite-arm-eabi-2010.09.51-i686-1/arm-none-eabi/lib/thumb2/libc.a(lib_a-mlock.o)
 .data          0x1000058c        0x0 /usr/local/pkg/sourcery-g++-lite-arm-eabi-2010.09.51-i686-1/arm-none-eabi/lib/thumb2/libc.a(lib_a-mprec.o)
 .data          0x1000058c        0x0 /usr/local/pkg/sourcery-g++-lite-arm-eabi-2010.09.51-i686-1/arm-none-eabi/lib/thumb2/libc.a(lib_a-s_fpclassify.o)
 .data          0x1000058c        0x0 /usr/local/pkg/sourcery-g++-lite-arm-eabi-2010.09.51-i686-1/arm-none-eabi/lib/thumb2/libc.a(lib_a-sbrkr.o)
 .data          0x1000058c        0x0 /usr/local/pkg/sourcery-g++-lite-arm-eabi-2010.09.51-i686-1/arm-none-eabi/lib/thumb2/libc.a(lib_a-strcmp.o)
 .data          0x1000058c        0x0 /usr/local/pkg/sourcery-g++-lite-arm-eabi-2010.09.51-i686-1/arm-none-eabi/lib/thumb2/libc.a(lib_a-svfiprintf.o)
 .data          0x1000058c        0x0 /usr/local/pkg/sourcery-g++-lite-arm-eabi-2010.09.51-i686-1/arm-none-eabi/lib/thumb2/libc.a(lib_a-callocr.o)
 .data          0x1000058c        0x0 /usr/local/pkg/sourcery-g++-lite-arm-eabi-2010.09.51-i686-1/arm-none-eabi/lib/thumb2/libc.a(lib_a-freer.o)
 .data          0x1000058c        0x0 /usr/local/pkg/sourcery-g++-lite-arm-eabi-2010.09.51-i686-1/arm-none-eabi/lib/thumb2/libc.a(lib_a-memmove.o)
 .data          0x1000058c        0x0 /usr/local/pkg/sourcery-g++-lite-arm-eabi-2010.09.51-i686-1/arm-none-eabi/lib/thumb2/libc.a(lib_a-memset.o)
 .data          0x1000058c        0x0 /usr/local/pkg/sourcery-g++-lite-arm-eabi-2010.09.51-i686-1/arm-none-eabi/lib/thumb2/libc.a(lib_a-reallocr.o)
 .data          0x1000058c        0x0 /usr/local/pkg/sourcery-g++-lite-arm-eabi-2010.09.51-i686-1/arm-none-eabi/lib/thumb2/libc.a(lib_a-reent.o)
 .data          0x1000058c        0x0 /opt/york/cs/net/sourcery-g++-lite-arm-eabi-2010.09.51-i686-1/bin/../lib/gcc/arm-none-eabi/4.5.1/thumb2/libgcc.a(_udivsi3.o)
 .data          0x1000058c        0x0 /opt/york/cs/net/sourcery-g++-lite-arm-eabi-2010.09.51-i686-1/bin/../lib/gcc/arm-none-eabi/4.5.1/thumb2/libgcc.a(_dvmd_tls.o)
 .data          0x1000058c        0x0 /opt/york/cs/net/sourcery-g++-lite-arm-eabi-2010.09.51-i686-1/bin/../lib/gcc/arm-none-eabi/4.5.1/thumb2/libgcc.a(_arm_addsubdf3.o)
 .data          0x1000058c        0x0 /opt/york/cs/net/sourcery-g++-lite-arm-eabi-2010.09.51-i686-1/bin/../lib/gcc/arm-none-eabi/4.5.1/thumb2/libgcc.a(_arm_muldivdf3.o)
 .data          0x1000058c        0x0 /opt/york/cs/net/sourcery-g++-lite-arm-eabi-2010.09.51-i686-1/bin/../lib/gcc/arm-none-eabi/4.5.1/thumb2/libgcc.a(_arm_cmpdf2.o)
 .data          0x1000058c        0x0 /opt/york/cs/net/sourcery-g++-lite-arm-eabi-2010.09.51-i686-1/bin/../lib/gcc/arm-none-eabi/4.5.1/thumb2/libgcc.a(_arm_fixdfsi.o)
 .data          0x1000058c        0x0 /opt/york/cs/net/sourcery-g++-lite-arm-eabi-2010.09.51-i686-1/bin/../lib/gcc/arm-none-eabi/4.5.1/thumb2/libgcc.a(_arm_fixunsdfsi.o)
 .data          0x1000058c        0x0 /opt/york/cs/net/sourcery-g++-lite-arm-eabi-2010.09.51-i686-1/bin/../lib/gcc/arm-none-eabi/4.5.1/thumb2/libgcc.a(_arm_truncdfsf2.o)
 .data          0x1000058c        0x0 /opt/york/cs/net/sourcery-g++-lite-arm-eabi-2010.09.51-i686-1/bin/../lib/gcc/arm-none-eabi/4.5.1/thumb2/libgcc.a(_arm_addsubsf3.o)
 .data          0x1000058c        0x0 /opt/york/cs/net/sourcery-g++-lite-arm-eabi-2010.09.51-i686-1/bin/../lib/gcc/arm-none-eabi/4.5.1/thumb2/libgcc.a(_arm_muldivsf3.o)
 .data          0x1000058c        0x0 /opt/york/cs/net/sourcery-g++-lite-arm-eabi-2010.09.51-i686-1/bin/../lib/gcc/arm-none-eabi/4.5.1/thumb2/libgcc.a(_arm_cmpsf2.o)
 .data          0x1000058c        0x0 /opt/york/cs/net/sourcery-g++-lite-arm-eabi-2010.09.51-i686-1/bin/../lib/gcc/arm-none-eabi/4.5.1/thumb2/libgcc.a(_arm_fixunssfsi.o)
 .data          0x1000058c        0x0 /opt/york/cs/net/sourcery-g++-lite-arm-eabi-2010.09.51-i686-1/bin/../lib/gcc/arm-none-eabi/4.5.1/thumb2/libgcc.a(_aeabi_uldivmod.o)
 .data          0x1000058c        0x0 /opt/york/cs/net/sourcery-g++-lite-arm-eabi-2010.09.51-i686-1/bin/../lib/gcc/arm-none-eabi/4.5.1/thumb2/libgcc.a(bpabi.o)
 .data          0x1000058c        0x0 /opt/york/cs/net/sourcery-g++-lite-arm-eabi-2010.09.51-i686-1/bin/../lib/gcc/arm-none-eabi/4.5.1/thumb2/libgcc.a(_divdi3.o)
 .data          0x1000058c        0x0 /opt/york/cs/net/sourcery-g++-lite-arm-eabi-2010.09.51-i686-1/bin/../lib/gcc/arm-none-eabi/4.5.1/thumb2/libgcc.a(_udivdi3.o)
 .data          0x1000058c        0x0 /usr/local/pkg/sourcery-g++-lite-arm-eabi-2010.09.51-i686-1/arm-none-eabi/lib/thumb2/libm.a(lib_a-s_sin.o)
 .data          0x1000058c        0x0 /usr/local/pkg/sourcery-g++-lite-arm-eabi-2010.09.51-i686-1/arm-none-eabi/lib/thumb2/libm.a(lib_a-e_rem_pio2.o)
 .data          0x1000058c        0x0 /usr/local/pkg/sourcery-g++-lite-arm-eabi-2010.09.51-i686-1/arm-none-eabi/lib/thumb2/libm.a(lib_a-k_cos.o)
 .data          0x1000058c        0x0 /usr/local/pkg/sourcery-g++-lite-arm-eabi-2010.09.51-i686-1/arm-none-eabi/lib/thumb2/libm.a(lib_a-k_rem_pio2.o)
 .data          0x1000058c        0x0 /usr/local/pkg/sourcery-g++-lite-arm-eabi-2010.09.51-i686-1/arm-none-eabi/lib/thumb2/libm.a(lib_a-k_sin.o)
 .data          0x1000058c        0x0 /usr/local/pkg/sourcery-g++-lite-arm-eabi-2010.09.51-i686-1/arm-none-eabi/lib/thumb2/libm.a(lib_a-s_fabs.o)
 .data          0x1000058c        0x0 /usr/local/pkg/sourcery-g++-lite-arm-eabi-2010.09.51-i686-1/arm-none-eabi/lib/thumb2/libm.a(lib_a-s_floor.o)
 .data          0x1000058c        0x0 /usr/local/pkg/sourcery-g++-lite-arm-eabi-2010.09.51-i686-1/arm-none-eabi/lib/thumb2/libm.a(lib_a-s_scalbn.o)
 .data          0x1000058c        0x0 /usr/local/pkg/sourcery-g++-lite-arm-eabi-2010.09.51-i686-1/arm-none-eabi/lib/thumb2/libm.a(lib_a-s_copysign.o)
 .data          0x1000058c        0x0 /opt/york/cs/net/sourcery-g++-lite-arm-eabi-2010.09.51-i686-1/bin/../lib/gcc/arm-none-eabi/4.5.1/thumb2/libgcc.a(_divsi3.o)
 .data          0x1000058c        0x0 /usr/local/pkg/sourcery-g++-lite-arm-eabi-2010.09.51-i686-1/arm-none-eabi/lib/thumb2/libcs3.a(start_c.o)
 .data          0x1000058c        0x4 /usr/local/pkg/sourcery-g++-lite-arm-eabi-2010.09.51-i686-1/arm-none-eabi/lib/thumb2/libcs3unhosted.a(unhosted-sbrk.o)
 .data          0x10000590        0x0 /usr/local/pkg/sourcery-g++-lite-arm-eabi-2010.09.51-i686-1/arm-none-eabi/lib/thumb2/libcs3unhosted.a(unhosted-start.o)
 .data          0x10000590        0x0 /usr/local/pkg/sourcery-g++-lite-arm-eabi-2010.09.51-i686-1/arm-none-eabi/lib/thumb2/libc.a(lib_a-errno.o)
 .data          0x10000590        0x0 /usr/local/pkg/sourcery-g++-lite-arm-eabi-2010.09.51-i686-1/arm-none-eabi/lib/thumb2/libc.a(lib_a-init.o)
 .data          0x10000590        0x4 /usr/local/pkg/sourcery-g++-lite-arm-eabi-2010.09.51-i686-1/arm-none-eabi/lib/thumb2/libcs3.a(heap.o)
                0x10000590                __cs3_heap_limit
 .data          0x10000594        0x0 /usr/local/pkg/lpc1700-cmsis-lite-2011.01.26-i686-1/lib/libDriversLPC17xxgnu.a(lpc17xx_adc.o)
 .data          0x10000594        0x0 /usr/local/pkg/lpc1700-cmsis-lite-2011.01.26-i686-1/lib/libDriversLPC17xxgnu.a(lpc17xx_clkpwr.o)
 .data          0x10000594        0x0 /usr/local/pkg/lpc1700-cmsis-lite-2011.01.26-i686-1/lib/libDriversLPC17xxgnu.a(lpc17xx_dac.o)
 .data          0x10000594        0x0 /usr/local/pkg/lpc1700-cmsis-lite-2011.01.26-i686-1/lib/libDriversLPC17xxgnu.a(lpc17xx_libcfg_default.o)
 .data          0x10000594        0x0 /usr/local/pkg/lpc1700-cmsis-lite-2011.01.26-i686-1/lib/libDriversLPC17xxgnu.a(lpc17xx_pinsel.o)
 .data          0x10000594        0x0 /usr/local/pkg/lpc1700-cmsis-lite-2011.01.26-i686-1/lib/libDriversLPC17xxgnu.a(lpc17xx_pwm.o)
 .data          0x10000594        0x0 /usr/local/pkg/lpc1700-cmsis-lite-2011.01.26-i686-1/lib/libDriversLPC17xxgnu.a(lpc17xx_rit.o)
 .data          0x10000594        0x0 /usr/local/pkg/lpc1700-cmsis-lite-2011.01.26-i686-1/lib/libDriversLPC17xxgnu.a(lpc17xx_uart.o)
 .data          0x10000594        0x0 /opt/york/cs/net/sourcery-g++-lite-arm-eabi-2010.09.51-i686-1/bin/../lib/gcc/arm-none-eabi/4.5.1/thumb2/crtend.o
 .data          0x10000594        0x0 /opt/york/cs/net/sourcery-g++-lite-arm-eabi-2010.09.51-i686-1/bin/../lib/gcc/arm-none-eabi/4.5.1/thumb2/crtn.o
 *(.ram)
                0x10000598                . = ALIGN (0x8)
 *fill*         0x10000594        0x4 00
                0x10000598                _edata = .

.bss            0x10000598       0x50 load address 0x0000cc50
 *(.shbss)
 *(.bss .bss.* .gnu.linkonce.b.*)
 .bss           0x10000598        0x0 /opt/york/cs/net/sourcery-g++-lite-arm-eabi-2010.09.51-i686-1/bin/../lib/gcc/arm-none-eabi/4.5.1/thumb2/crti.o
 .bss           0x10000598        0x1 /opt/york/cs/net/sourcery-g++-lite-arm-eabi-2010.09.51-i686-1/bin/../lib/gcc/arm-none-eabi/4.5.1/thumb2/crtbegin.o
 .bss           0x10000599        0x0 main.o
 .bss           0x10000599        0x0 serialUSB.o
 .bss           0x10000599        0x0 dac.o
 .bss           0x10000599        0x0 delay.o
 *fill*         0x10000599        0x3 00
 .bss.on        0x1000059c        0x4 delay.o
                0x1000059c                on
 .bss           0x100005a0        0x0 adc.o
 .bss           0x100005a0        0x0 pwm.o
 .bss           0x100005a0        0x0 rit.o
 .bss           0x100005a0        0x0 /usr/local/pkg/lpc1700-cmsis-lite-2011.01.26-i686-1/lib/core_cm3.o
 .bss           0x100005a0        0x0 /usr/local/pkg/lpc1700-cmsis-lite-2011.01.26-i686-1/lib/system_LPC17xx.o
 .bss           0x100005a0        0x0 /usr/local/pkg/lpc1700-cmsis-lite-2011.01.26-i686-1/lib/startup_LPC17xx.o
 .bss           0x100005a0        0x0 /usr/local/pkg/sourcery-g++-lite-arm-eabi-2010.09.51-i686-1/arm-none-eabi/lib/thumb2/libc.a(lib_a-sprintf.o)
 .bss           0x100005a0        0x0 /usr/local/pkg/sourcery-g++-lite-arm-eabi-2010.09.51-i686-1/arm-none-eabi/lib/thumb2/libc.a(lib_a-strlen.o)
 .bss           0x100005a0        0x0 /usr/local/pkg/sourcery-g++-lite-arm-eabi-2010.09.51-i686-1/arm-none-eabi/lib/thumb2/libc.a(lib_a-svfprintf.o)
 .bss           0x100005a0        0x0 /usr/local/pkg/sourcery-g++-lite-arm-eabi-2010.09.51-i686-1/arm-none-eabi/lib/thumb2/libc.a(lib_a-dtoa.o)
 .bss           0x100005a0        0x0 /usr/local/pkg/sourcery-g++-lite-arm-eabi-2010.09.51-i686-1/arm-none-eabi/lib/thumb2/libc.a(lib_a-impure.o)
 .bss           0x100005a0        0xc /usr/local/pkg/sourcery-g++-lite-arm-eabi-2010.09.51-i686-1/arm-none-eabi/lib/thumb2/libc.a(lib_a-locale.o)
                0x100005a0                __nlocale_changed
                0x100005a4                __mlocale_changed
                0x100005a8                _PathLocale
 .bss           0x100005ac        0x0 /usr/local/pkg/sourcery-g++-lite-arm-eabi-2010.09.51-i686-1/arm-none-eabi/lib/thumb2/libc.a(lib_a-malloc.o)
 .bss           0x100005ac       0x34 /usr/local/pkg/sourcery-g++-lite-arm-eabi-2010.09.51-i686-1/arm-none-eabi/lib/thumb2/libc.a(lib_a-mallocr.o)
                0x100005ac                __malloc_top_pad
                0x100005b0                __malloc_current_mallinfo
                0x100005d8                __malloc_max_sbrked_mem
                0x100005dc                __malloc_max_total_mem
 .bss           0x100005e0        0x0 /usr/local/pkg/sourcery-g++-lite-arm-eabi-2010.09.51-i686-1/arm-none-eabi/lib/thumb2/libc.a(lib_a-memchr.o)
 .bss           0x100005e0        0x0 /usr/local/pkg/sourcery-g++-lite-arm-eabi-2010.09.51-i686-1/arm-none-eabi/lib/thumb2/libc.a(lib_a-memcpy.o)
 .bss           0x100005e0        0x0 /usr/local/pkg/sourcery-g++-lite-arm-eabi-2010.09.51-i686-1/arm-none-eabi/lib/thumb2/libc.a(lib_a-mlock.o)
 .bss           0x100005e0        0x0 /usr/local/pkg/sourcery-g++-lite-arm-eabi-2010.09.51-i686-1/arm-none-eabi/lib/thumb2/libc.a(lib_a-mprec.o)
 .bss           0x100005e0        0x0 /usr/local/pkg/sourcery-g++-lite-arm-eabi-2010.09.51-i686-1/arm-none-eabi/lib/thumb2/libc.a(lib_a-s_fpclassify.o)
 .bss           0x100005e0        0x0 /usr/local/pkg/sourcery-g++-lite-arm-eabi-2010.09.51-i686-1/arm-none-eabi/lib/thumb2/libc.a(lib_a-sbrkr.o)
 .bss           0x100005e0        0x0 /usr/local/pkg/sourcery-g++-lite-arm-eabi-2010.09.51-i686-1/arm-none-eabi/lib/thumb2/libc.a(lib_a-strcmp.o)
 .bss           0x100005e0        0x0 /usr/local/pkg/sourcery-g++-lite-arm-eabi-2010.09.51-i686-1/arm-none-eabi/lib/thumb2/libc.a(lib_a-svfiprintf.o)
 .bss           0x100005e0        0x0 /usr/local/pkg/sourcery-g++-lite-arm-eabi-2010.09.51-i686-1/arm-none-eabi/lib/thumb2/libc.a(lib_a-callocr.o)
 .bss           0x100005e0        0x0 /usr/local/pkg/sourcery-g++-lite-arm-eabi-2010.09.51-i686-1/arm-none-eabi/lib/thumb2/libc.a(lib_a-freer.o)
 .bss           0x100005e0        0x0 /usr/local/pkg/sourcery-g++-lite-arm-eabi-2010.09.51-i686-1/arm-none-eabi/lib/thumb2/libc.a(lib_a-memmove.o)
 .bss           0x100005e0        0x0 /usr/local/pkg/sourcery-g++-lite-arm-eabi-2010.09.51-i686-1/arm-none-eabi/lib/thumb2/libc.a(lib_a-memset.o)
 .bss           0x100005e0        0x0 /usr/local/pkg/sourcery-g++-lite-arm-eabi-2010.09.51-i686-1/arm-none-eabi/lib/thumb2/libc.a(lib_a-reallocr.o)
 .bss           0x100005e0        0x0 /usr/local/pkg/sourcery-g++-lite-arm-eabi-2010.09.51-i686-1/arm-none-eabi/lib/thumb2/libc.a(lib_a-reent.o)
 .bss           0x100005e0        0x0 /opt/york/cs/net/sourcery-g++-lite-arm-eabi-2010.09.51-i686-1/bin/../lib/gcc/arm-none-eabi/4.5.1/thumb2/libgcc.a(_udivsi3.o)
 .bss           0x100005e0        0x0 /opt/york/cs/net/sourcery-g++-lite-arm-eabi-2010.09.51-i686-1/bin/../lib/gcc/arm-none-eabi/4.5.1/thumb2/libgcc.a(_dvmd_tls.o)
 .bss           0x100005e0        0x0 /opt/york/cs/net/sourcery-g++-lite-arm-eabi-2010.09.51-i686-1/bin/../lib/gcc/arm-none-eabi/4.5.1/thumb2/libgcc.a(_arm_addsubdf3.o)
 .bss           0x100005e0        0x0 /opt/york/cs/net/sourcery-g++-lite-arm-eabi-2010.09.51-i686-1/bin/../lib/gcc/arm-none-eabi/4.5.1/thumb2/libgcc.a(_arm_muldivdf3.o)
 .bss           0x100005e0        0x0 /opt/york/cs/net/sourcery-g++-lite-arm-eabi-2010.09.51-i686-1/bin/../lib/gcc/arm-none-eabi/4.5.1/thumb2/libgcc.a(_arm_cmpdf2.o)
 .bss           0x100005e0        0x0 /opt/york/cs/net/sourcery-g++-lite-arm-eabi-2010.09.51-i686-1/bin/../lib/gcc/arm-none-eabi/4.5.1/thumb2/libgcc.a(_arm_fixdfsi.o)
 .bss           0x100005e0        0x0 /opt/york/cs/net/sourcery-g++-lite-arm-eabi-2010.09.51-i686-1/bin/../lib/gcc/arm-none-eabi/4.5.1/thumb2/libgcc.a(_arm_fixunsdfsi.o)
 .bss           0x100005e0        0x0 /opt/york/cs/net/sourcery-g++-lite-arm-eabi-2010.09.51-i686-1/bin/../lib/gcc/arm-none-eabi/4.5.1/thumb2/libgcc.a(_arm_truncdfsf2.o)
 .bss           0x100005e0        0x0 /opt/york/cs/net/sourcery-g++-lite-arm-eabi-2010.09.51-i686-1/bin/../lib/gcc/arm-none-eabi/4.5.1/thumb2/libgcc.a(_arm_addsubsf3.o)
 .bss           0x100005e0        0x0 /opt/york/cs/net/sourcery-g++-lite-arm-eabi-2010.09.51-i686-1/bin/../lib/gcc/arm-none-eabi/4.5.1/thumb2/libgcc.a(_arm_muldivsf3.o)
 .bss           0x100005e0        0x0 /opt/york/cs/net/sourcery-g++-lite-arm-eabi-2010.09.51-i686-1/bin/../lib/gcc/arm-none-eabi/4.5.1/thumb2/libgcc.a(_arm_cmpsf2.o)
 .bss           0x100005e0        0x0 /opt/york/cs/net/sourcery-g++-lite-arm-eabi-2010.09.51-i686-1/bin/../lib/gcc/arm-none-eabi/4.5.1/thumb2/libgcc.a(_arm_fixunssfsi.o)
 .bss           0x100005e0        0x0 /opt/york/cs/net/sourcery-g++-lite-arm-eabi-2010.09.51-i686-1/bin/../lib/gcc/arm-none-eabi/4.5.1/thumb2/libgcc.a(_aeabi_uldivmod.o)
 .bss           0x100005e0        0x0 /opt/york/cs/net/sourcery-g++-lite-arm-eabi-2010.09.51-i686-1/bin/../lib/gcc/arm-none-eabi/4.5.1/thumb2/libgcc.a(bpabi.o)
 .bss           0x100005e0        0x0 /opt/york/cs/net/sourcery-g++-lite-arm-eabi-2010.09.51-i686-1/bin/../lib/gcc/arm-none-eabi/4.5.1/thumb2/libgcc.a(_divdi3.o)
 .bss           0x100005e0        0x0 /opt/york/cs/net/sourcery-g++-lite-arm-eabi-2010.09.51-i686-1/bin/../lib/gcc/arm-none-eabi/4.5.1/thumb2/libgcc.a(_udivdi3.o)
 .bss           0x100005e0        0x0 /usr/local/pkg/sourcery-g++-lite-arm-eabi-2010.09.51-i686-1/arm-none-eabi/lib/thumb2/libm.a(lib_a-s_sin.o)
 .bss           0x100005e0        0x0 /usr/local/pkg/sourcery-g++-lite-arm-eabi-2010.09.51-i686-1/arm-none-eabi/lib/thumb2/libm.a(lib_a-e_rem_pio2.o)
 .bss           0x100005e0        0x0 /usr/local/pkg/sourcery-g++-lite-arm-eabi-2010.09.51-i686-1/arm-none-eabi/lib/thumb2/libm.a(lib_a-k_cos.o)
 .bss           0x100005e0        0x0 /usr/local/pkg/sourcery-g++-lite-arm-eabi-2010.09.51-i686-1/arm-none-eabi/lib/thumb2/libm.a(lib_a-k_rem_pio2.o)
 .bss           0x100005e0        0x0 /usr/local/pkg/sourcery-g++-lite-arm-eabi-2010.09.51-i686-1/arm-none-eabi/lib/thumb2/libm.a(lib_a-k_sin.o)
 .bss           0x100005e0        0x0 /usr/local/pkg/sourcery-g++-lite-arm-eabi-2010.09.51-i686-1/arm-none-eabi/lib/thumb2/libm.a(lib_a-s_fabs.o)
 .bss           0x100005e0        0x0 /usr/local/pkg/sourcery-g++-lite-arm-eabi-2010.09.51-i686-1/arm-none-eabi/lib/thumb2/libm.a(lib_a-s_floor.o)
 .bss           0x100005e0        0x0 /usr/local/pkg/sourcery-g++-lite-arm-eabi-2010.09.51-i686-1/arm-none-eabi/lib/thumb2/libm.a(lib_a-s_scalbn.o)
 .bss           0x100005e0        0x0 /usr/local/pkg/sourcery-g++-lite-arm-eabi-2010.09.51-i686-1/arm-none-eabi/lib/thumb2/libm.a(lib_a-s_copysign.o)
 .bss           0x100005e0        0x0 /opt/york/cs/net/sourcery-g++-lite-arm-eabi-2010.09.51-i686-1/bin/../lib/gcc/arm-none-eabi/4.5.1/thumb2/libgcc.a(_divsi3.o)
 .bss           0x100005e0        0x0 /usr/local/pkg/sourcery-g++-lite-arm-eabi-2010.09.51-i686-1/arm-none-eabi/lib/thumb2/libcs3.a(start_c.o)
 .bss           0x100005e0        0x0 /usr/local/pkg/sourcery-g++-lite-arm-eabi-2010.09.51-i686-1/arm-none-eabi/lib/thumb2/libcs3unhosted.a(unhosted-sbrk.o)
 .bss           0x100005e0        0x0 /usr/local/pkg/sourcery-g++-lite-arm-eabi-2010.09.51-i686-1/arm-none-eabi/lib/thumb2/libcs3unhosted.a(unhosted-start.o)
 .bss           0x100005e0        0x0 /usr/local/pkg/sourcery-g++-lite-arm-eabi-2010.09.51-i686-1/arm-none-eabi/lib/thumb2/libc.a(lib_a-errno.o)
 .bss           0x100005e0        0x0 /usr/local/pkg/sourcery-g++-lite-arm-eabi-2010.09.51-i686-1/arm-none-eabi/lib/thumb2/libc.a(lib_a-init.o)
 .bss           0x100005e0        0x0 /usr/local/pkg/sourcery-g++-lite-arm-eabi-2010.09.51-i686-1/arm-none-eabi/lib/thumb2/libcs3.a(heap.o)
 .bss           0x100005e0        0x0 /usr/local/pkg/lpc1700-cmsis-lite-2011.01.26-i686-1/lib/libDriversLPC17xxgnu.a(lpc17xx_adc.o)
 .bss           0x100005e0        0x0 /usr/local/pkg/lpc1700-cmsis-lite-2011.01.26-i686-1/lib/libDriversLPC17xxgnu.a(lpc17xx_clkpwr.o)
 .bss           0x100005e0        0x0 /usr/local/pkg/lpc1700-cmsis-lite-2011.01.26-i686-1/lib/libDriversLPC17xxgnu.a(lpc17xx_dac.o)
 .bss           0x100005e0        0x0 /usr/local/pkg/lpc1700-cmsis-lite-2011.01.26-i686-1/lib/libDriversLPC17xxgnu.a(lpc17xx_libcfg_default.o)
 .bss           0x100005e0        0x0 /usr/local/pkg/lpc1700-cmsis-lite-2011.01.26-i686-1/lib/libDriversLPC17xxgnu.a(lpc17xx_pinsel.o)
 .bss           0x100005e0        0x0 /usr/local/pkg/lpc1700-cmsis-lite-2011.01.26-i686-1/lib/libDriversLPC17xxgnu.a(lpc17xx_pwm.o)
 .bss           0x100005e0        0x0 /usr/local/pkg/lpc1700-cmsis-lite-2011.01.26-i686-1/lib/libDriversLPC17xxgnu.a(lpc17xx_rit.o)
 .bss           0x100005e0        0x0 /usr/local/pkg/lpc1700-cmsis-lite-2011.01.26-i686-1/lib/libDriversLPC17xxgnu.a(lpc17xx_uart.o)
 .bss           0x100005e0        0x0 /opt/york/cs/net/sourcery-g++-lite-arm-eabi-2010.09.51-i686-1/bin/../lib/gcc/arm-none-eabi/4.5.1/thumb2/crtend.o
 .bss           0x100005e0        0x0 /opt/york/cs/net/sourcery-g++-lite-arm-eabi-2010.09.51-i686-1/bin/../lib/gcc/arm-none-eabi/4.5.1/thumb2/crtn.o
 *(COMMON)
 COMMON         0x100005e0        0x4 main.o
                0x100005e0                pwm_Width
 COMMON         0x100005e4        0x4 /usr/local/pkg/sourcery-g++-lite-arm-eabi-2010.09.51-i686-1/arm-none-eabi/lib/thumb2/libc.a(lib_a-reent.o)
                0x100005e4                errno
 *(.ram.b)
                0x100005e8                . = ALIGN (0x8)
                0x100005e8                _end = .
                0x100005e8                __end = .

.usb_ram
 *.o(USB_RAM)

.heap           0x100005e8     0x1000
 *(.heap)
 .heap          0x100005e8     0x1000 /usr/local/pkg/lpc1700-cmsis-lite-2011.01.26-i686-1/lib/startup_LPC17xx.o
                0x100005e8                __cs3_heap_start
                0x100015e8                __cs3_heap_end

.stack          0x10007f00      0x100
 *(.stack)
 .stack         0x10007f00      0x100 /usr/local/pkg/lpc1700-cmsis-lite-2011.01.26-i686-1/lib/startup_LPC17xx.o
                0x10007f00                __cs3_stack_mem
                0x10008000                _estack = .
                0x10008000                PROVIDE (estack, .)
                0x0000c6b8                __cs3_region_init_ram = LOADADDR (.data)
                0x00000598                __cs3_region_init_size_ram = (_edata - __cs3_region_start_ram)
                0x00000050                __cs3_region_zero_size_ram = (_end - _edata)
                0x00008000                __cs3_region_size_ram = 0x8000
                0x00000001                __cs3_region_num = 0x1

.stab
 *(.stab)

.stabstr
 *(.stabstr)

.debug
 *(.debug)

.line
 *(.line)

.debug_srcinfo
 *(.debug_srcinfo)

.debug_sfnames
 *(.debug_sfnames)

.comment        0x00000000       0x2a
 .comment       0x00000000       0x2a main.o
                                 0x2b (size before relaxing)
 .comment       0x00000000       0x2b serialUSB.o
 .comment       0x00000000       0x2b dac.o
 .comment       0x00000000       0x2b delay.o
 .comment       0x00000000       0x2b adc.o
 .comment       0x00000000       0x2b pwm.o
 .comment       0x00000000       0x2b rit.o
 .comment       0x00000000       0x2b /usr/local/pkg/lpc1700-cmsis-lite-2011.01.26-i686-1/lib/core_cm3.o
 .comment       0x00000000       0x2b /usr/local/pkg/lpc1700-cmsis-lite-2011.01.26-i686-1/lib/system_LPC17xx.o
 .comment       0x00000000       0x2b /usr/local/pkg/lpc1700-cmsis-lite-2011.01.26-i686-1/lib/libDriversLPC17xxgnu.a(lpc17xx_adc.o)
 .comment       0x00000000       0x2b /usr/local/pkg/lpc1700-cmsis-lite-2011.01.26-i686-1/lib/libDriversLPC17xxgnu.a(lpc17xx_clkpwr.o)
 .comment       0x00000000       0x2b /usr/local/pkg/lpc1700-cmsis-lite-2011.01.26-i686-1/lib/libDriversLPC17xxgnu.a(lpc17xx_dac.o)
 .comment       0x00000000       0x2b /usr/local/pkg/lpc1700-cmsis-lite-2011.01.26-i686-1/lib/libDriversLPC17xxgnu.a(lpc17xx_libcfg_default.o)
 .comment       0x00000000       0x2b /usr/local/pkg/lpc1700-cmsis-lite-2011.01.26-i686-1/lib/libDriversLPC17xxgnu.a(lpc17xx_pinsel.o)
 .comment       0x00000000       0x2b /usr/local/pkg/lpc1700-cmsis-lite-2011.01.26-i686-1/lib/libDriversLPC17xxgnu.a(lpc17xx_pwm.o)
 .comment       0x00000000       0x2b /usr/local/pkg/lpc1700-cmsis-lite-2011.01.26-i686-1/lib/libDriversLPC17xxgnu.a(lpc17xx_rit.o)
 .comment       0x00000000       0x2b /usr/local/pkg/lpc1700-cmsis-lite-2011.01.26-i686-1/lib/libDriversLPC17xxgnu.a(lpc17xx_uart.o)

.debug_aranges  0x00000000      0x508
 *(.debug_aranges)
 .debug_aranges
                0x00000000       0x30 main.o
 .debug_aranges
                0x00000030       0x30 serialUSB.o
 .debug_aranges
                0x00000060       0x30 dac.o
 .debug_aranges
                0x00000090       0x40 delay.o
 .debug_aranges
                0x000000d0       0x30 adc.o
 .debug_aranges
                0x00000100       0x30 pwm.o
 .debug_aranges
                0x00000130       0x38 rit.o
 .debug_aranges
                0x00000168       0x28 /usr/local/pkg/lpc1700-cmsis-lite-2011.01.26-i686-1/lib/system_LPC17xx.o
 .debug_aranges
                0x00000190       0x28 /usr/local/pkg/lpc1700-cmsis-lite-2011.01.26-i686-1/lib/startup_LPC17xx.o
 .debug_aranges
                0x000001b8       0x80 /usr/local/pkg/lpc1700-cmsis-lite-2011.01.26-i686-1/lib/libDriversLPC17xxgnu.a(lpc17xx_adc.o)
 .debug_aranges
                0x00000238       0x58 /usr/local/pkg/lpc1700-cmsis-lite-2011.01.26-i686-1/lib/libDriversLPC17xxgnu.a(lpc17xx_clkpwr.o)
 .debug_aranges
                0x00000290       0x40 /usr/local/pkg/lpc1700-cmsis-lite-2011.01.26-i686-1/lib/libDriversLPC17xxgnu.a(lpc17xx_dac.o)
 .debug_aranges
                0x000002d0       0x20 /usr/local/pkg/lpc1700-cmsis-lite-2011.01.26-i686-1/lib/libDriversLPC17xxgnu.a(lpc17xx_libcfg_default.o)
 .debug_aranges
                0x000002f0       0x48 /usr/local/pkg/lpc1700-cmsis-lite-2011.01.26-i686-1/lib/libDriversLPC17xxgnu.a(lpc17xx_pinsel.o)
 .debug_aranges
                0x00000338       0x88 /usr/local/pkg/lpc1700-cmsis-lite-2011.01.26-i686-1/lib/libDriversLPC17xxgnu.a(lpc17xx_pwm.o)
 .debug_aranges
                0x000003c0       0x48 /usr/local/pkg/lpc1700-cmsis-lite-2011.01.26-i686-1/lib/libDriversLPC17xxgnu.a(lpc17xx_rit.o)
 .debug_aranges
                0x00000408      0x100 /usr/local/pkg/lpc1700-cmsis-lite-2011.01.26-i686-1/lib/libDriversLPC17xxgnu.a(lpc17xx_uart.o)

.debug_pubnames
                0x00000000      0x915
 *(.debug_pubnames)
 .debug_pubnames
                0x00000000       0x49 main.o
 .debug_pubnames
                0x00000049       0x49 serialUSB.o
 .debug_pubnames
                0x00000092       0x48 dac.o
 .debug_pubnames
                0x000000da       0x45 delay.o
 .debug_pubnames
                0x0000011f       0x57 adc.o
 .debug_pubnames
                0x00000176       0x3d pwm.o
 .debug_pubnames
                0x000001b3       0x41 rit.o
 .debug_pubnames
                0x000001f4       0x4f /usr/local/pkg/lpc1700-cmsis-lite-2011.01.26-i686-1/lib/system_LPC17xx.o
 .debug_pubnames
                0x00000243      0x110 /usr/local/pkg/lpc1700-cmsis-lite-2011.01.26-i686-1/lib/libDriversLPC17xxgnu.a(lpc17xx_adc.o)
 .debug_pubnames
                0x00000353       0xbb /usr/local/pkg/lpc1700-cmsis-lite-2011.01.26-i686-1/lib/libDriversLPC17xxgnu.a(lpc17xx_clkpwr.o)
 .debug_pubnames
                0x0000040e       0x7a /usr/local/pkg/lpc1700-cmsis-lite-2011.01.26-i686-1/lib/libDriversLPC17xxgnu.a(lpc17xx_dac.o)
 .debug_pubnames
                0x00000488       0x23 /usr/local/pkg/lpc1700-cmsis-lite-2011.01.26-i686-1/lib/libDriversLPC17xxgnu.a(lpc17xx_libcfg_default.o)
 .debug_pubnames
                0x000004ab       0x59 /usr/local/pkg/lpc1700-cmsis-lite-2011.01.26-i686-1/lib/libDriversLPC17xxgnu.a(lpc17xx_pinsel.o)
 .debug_pubnames
                0x00000504      0x127 /usr/local/pkg/lpc1700-cmsis-lite-2011.01.26-i686-1/lib/libDriversLPC17xxgnu.a(lpc17xx_pwm.o)
 .debug_pubnames
                0x0000062b       0x79 /usr/local/pkg/lpc1700-cmsis-lite-2011.01.26-i686-1/lib/libDriversLPC17xxgnu.a(lpc17xx_rit.o)
 .debug_pubnames
                0x000006a4      0x271 /usr/local/pkg/lpc1700-cmsis-lite-2011.01.26-i686-1/lib/libDriversLPC17xxgnu.a(lpc17xx_uart.o)

.debug_info     0x00000000     0x51e8
 *(.debug_info .gnu.linkonce.wi.*)
 .debug_info    0x00000000      0x20c main.o
 .debug_info    0x0000020c      0x51d serialUSB.o
 .debug_info    0x00000729      0x1f7 dac.o
 .debug_info    0x00000920      0x5f8 delay.o
 .debug_info    0x00000f18      0x309 adc.o
 .debug_info    0x00001221      0x45b pwm.o
 .debug_info    0x0000167c      0x420 rit.o
 .debug_info    0x00001a9c       0x68 /usr/local/pkg/lpc1700-cmsis-lite-2011.01.26-i686-1/lib/core_cm3.o
 .debug_info    0x00001b04      0x509 /usr/local/pkg/lpc1700-cmsis-lite-2011.01.26-i686-1/lib/system_LPC17xx.o
 .debug_info    0x0000200d       0xc1 /usr/local/pkg/lpc1700-cmsis-lite-2011.01.26-i686-1/lib/startup_LPC17xx.o
 .debug_info    0x000020ce      0x613 /usr/local/pkg/lpc1700-cmsis-lite-2011.01.26-i686-1/lib/libDriversLPC17xxgnu.a(lpc17xx_adc.o)
 .debug_info    0x000026e1      0x6c5 /usr/local/pkg/lpc1700-cmsis-lite-2011.01.26-i686-1/lib/libDriversLPC17xxgnu.a(lpc17xx_clkpwr.o)
 .debug_info    0x00002da6      0x28c /usr/local/pkg/lpc1700-cmsis-lite-2011.01.26-i686-1/lib/libDriversLPC17xxgnu.a(lpc17xx_dac.o)
 .debug_info    0x00003032       0xc9 /usr/local/pkg/lpc1700-cmsis-lite-2011.01.26-i686-1/lib/libDriversLPC17xxgnu.a(lpc17xx_libcfg_default.o)
 .debug_info    0x000030fb      0x4b5 /usr/local/pkg/lpc1700-cmsis-lite-2011.01.26-i686-1/lib/libDriversLPC17xxgnu.a(lpc17xx_pinsel.o)
 .debug_info    0x000035b0      0x829 /usr/local/pkg/lpc1700-cmsis-lite-2011.01.26-i686-1/lib/libDriversLPC17xxgnu.a(lpc17xx_pwm.o)
 .debug_info    0x00003dd9      0x2c2 /usr/local/pkg/lpc1700-cmsis-lite-2011.01.26-i686-1/lib/libDriversLPC17xxgnu.a(lpc17xx_rit.o)
 .debug_info    0x0000409b     0x114d /usr/local/pkg/lpc1700-cmsis-lite-2011.01.26-i686-1/lib/libDriversLPC17xxgnu.a(lpc17xx_uart.o)

.debug_abbrev   0x00000000     0x1385
 *(.debug_abbrev)
 .debug_abbrev  0x00000000      0x11c main.o
 .debug_abbrev  0x0000011c      0x166 serialUSB.o
 .debug_abbrev  0x00000282       0xe0 dac.o
 .debug_abbrev  0x00000362      0x1b1 delay.o
 .debug_abbrev  0x00000513      0x11f adc.o
 .debug_abbrev  0x00000632      0x138 pwm.o
 .debug_abbrev  0x0000076a      0x147 rit.o
 .debug_abbrev  0x000008b1       0x28 /usr/local/pkg/lpc1700-cmsis-lite-2011.01.26-i686-1/lib/core_cm3.o
 .debug_abbrev  0x000008d9      0x102 /usr/local/pkg/lpc1700-cmsis-lite-2011.01.26-i686-1/lib/system_LPC17xx.o
 .debug_abbrev  0x000009db       0x12 /usr/local/pkg/lpc1700-cmsis-lite-2011.01.26-i686-1/lib/startup_LPC17xx.o
 .debug_abbrev  0x000009ed      0x13d /usr/local/pkg/lpc1700-cmsis-lite-2011.01.26-i686-1/lib/libDriversLPC17xxgnu.a(lpc17xx_adc.o)
 .debug_abbrev  0x00000b2a      0x195 /usr/local/pkg/lpc1700-cmsis-lite-2011.01.26-i686-1/lib/libDriversLPC17xxgnu.a(lpc17xx_clkpwr.o)
 .debug_abbrev  0x00000cbf       0xea /usr/local/pkg/lpc1700-cmsis-lite-2011.01.26-i686-1/lib/libDriversLPC17xxgnu.a(lpc17xx_dac.o)
 .debug_abbrev  0x00000da9       0x68 /usr/local/pkg/lpc1700-cmsis-lite-2011.01.26-i686-1/lib/libDriversLPC17xxgnu.a(lpc17xx_libcfg_default.o)
 .debug_abbrev  0x00000e11      0x11d /usr/local/pkg/lpc1700-cmsis-lite-2011.01.26-i686-1/lib/libDriversLPC17xxgnu.a(lpc17xx_pinsel.o)
 .debug_abbrev  0x00000f2e      0x187 /usr/local/pkg/lpc1700-cmsis-lite-2011.01.26-i686-1/lib/libDriversLPC17xxgnu.a(lpc17xx_pwm.o)
 .debug_abbrev  0x000010b5      0x102 /usr/local/pkg/lpc1700-cmsis-lite-2011.01.26-i686-1/lib/libDriversLPC17xxgnu.a(lpc17xx_rit.o)
 .debug_abbrev  0x000011b7      0x1ce /usr/local/pkg/lpc1700-cmsis-lite-2011.01.26-i686-1/lib/libDriversLPC17xxgnu.a(lpc17xx_uart.o)

.debug_line     0x00000000     0x27a4
 *(.debug_line)
 .debug_line    0x00000000      0x192 main.o
 .debug_line    0x00000192      0x16f serialUSB.o
 .debug_line    0x00000301      0x142 dac.o
 .debug_line    0x00000443      0x17d delay.o
 .debug_line    0x000005c0      0x16e adc.o
 .debug_line    0x0000072e      0x177 pwm.o
 .debug_line    0x000008a5      0x150 rit.o
 .debug_line    0x000009f5       0x1d /usr/local/pkg/lpc1700-cmsis-lite-2011.01.26-i686-1/lib/core_cm3.o
 .debug_line    0x00000a12      0x1e4 /usr/local/pkg/lpc1700-cmsis-lite-2011.01.26-i686-1/lib/system_LPC17xx.o
 .debug_line    0x00000bf6       0xb1 /usr/local/pkg/lpc1700-cmsis-lite-2011.01.26-i686-1/lib/startup_LPC17xx.o
 .debug_line    0x00000ca7      0x386 /usr/local/pkg/lpc1700-cmsis-lite-2011.01.26-i686-1/lib/libDriversLPC17xxgnu.a(lpc17xx_adc.o)
 .debug_line    0x0000102d      0x29a /usr/local/pkg/lpc1700-cmsis-lite-2011.01.26-i686-1/lib/libDriversLPC17xxgnu.a(lpc17xx_clkpwr.o)
 .debug_line    0x000012c7      0x20f /usr/local/pkg/lpc1700-cmsis-lite-2011.01.26-i686-1/lib/libDriversLPC17xxgnu.a(lpc17xx_dac.o)
 .debug_line    0x000014d6       0xc4 /usr/local/pkg/lpc1700-cmsis-lite-2011.01.26-i686-1/lib/libDriversLPC17xxgnu.a(lpc17xx_libcfg_default.o)
 .debug_line    0x0000159a      0x220 /usr/local/pkg/lpc1700-cmsis-lite-2011.01.26-i686-1/lib/libDriversLPC17xxgnu.a(lpc17xx_pinsel.o)
 .debug_line    0x000017ba      0x50f /usr/local/pkg/lpc1700-cmsis-lite-2011.01.26-i686-1/lib/libDriversLPC17xxgnu.a(lpc17xx_pwm.o)
 .debug_line    0x00001cc9      0x253 /usr/local/pkg/lpc1700-cmsis-lite-2011.01.26-i686-1/lib/libDriversLPC17xxgnu.a(lpc17xx_rit.o)
 .debug_line    0x00001f1c      0x888 /usr/local/pkg/lpc1700-cmsis-lite-2011.01.26-i686-1/lib/libDriversLPC17xxgnu.a(lpc17xx_uart.o)

.debug_frame    0x00000000     0x18d8
 *(.debug_frame)
 .debug_frame   0x00000000       0x74 main.o
 .debug_frame   0x00000074       0x70 serialUSB.o
 .debug_frame   0x000000e4       0x70 dac.o
 .debug_frame   0x00000154       0x9c delay.o
 .debug_frame   0x000001f0       0x70 adc.o
 .debug_frame   0x00000260       0x6c pwm.o
 .debug_frame   0x000002cc       0x80 rit.o
 .debug_frame   0x0000034c       0x40 /usr/local/pkg/lpc1700-cmsis-lite-2011.01.26-i686-1/lib/system_LPC17xx.o
 .debug_frame   0x0000038c       0x64 /usr/local/pkg/sourcery-g++-lite-arm-eabi-2010.09.51-i686-1/arm-none-eabi/lib/thumb2/libc.a(lib_a-sprintf.o)
 .debug_frame   0x000003f0       0x20 /usr/local/pkg/sourcery-g++-lite-arm-eabi-2010.09.51-i686-1/arm-none-eabi/lib/thumb2/libc.a(lib_a-strlen.o)
 .debug_frame   0x00000410       0x3c /usr/local/pkg/sourcery-g++-lite-arm-eabi-2010.09.51-i686-1/arm-none-eabi/lib/thumb2/libc.a(lib_a-svfprintf.o)
 .debug_frame   0x0000044c       0x68 /usr/local/pkg/sourcery-g++-lite-arm-eabi-2010.09.51-i686-1/arm-none-eabi/lib/thumb2/libc.a(lib_a-dtoa.o)
 .debug_frame   0x000004b4       0x98 /usr/local/pkg/sourcery-g++-lite-arm-eabi-2010.09.51-i686-1/arm-none-eabi/lib/thumb2/libc.a(lib_a-locale.o)
 .debug_frame   0x0000054c       0x30 /usr/local/pkg/sourcery-g++-lite-arm-eabi-2010.09.51-i686-1/arm-none-eabi/lib/thumb2/libc.a(lib_a-malloc.o)
 .debug_frame   0x0000057c       0x3c /usr/local/pkg/sourcery-g++-lite-arm-eabi-2010.09.51-i686-1/arm-none-eabi/lib/thumb2/libc.a(lib_a-mallocr.o)
 .debug_frame   0x000005b8       0x2c /usr/local/pkg/sourcery-g++-lite-arm-eabi-2010.09.51-i686-1/arm-none-eabi/lib/thumb2/libc.a(lib_a-memchr.o)
 .debug_frame   0x000005e4       0x30 /usr/local/pkg/sourcery-g++-lite-arm-eabi-2010.09.51-i686-1/arm-none-eabi/lib/thumb2/libc.a(lib_a-memcpy.o)
 .debug_frame   0x00000614       0x30 /usr/local/pkg/sourcery-g++-lite-arm-eabi-2010.09.51-i686-1/arm-none-eabi/lib/thumb2/libc.a(lib_a-mlock.o)
 .debug_frame   0x00000644      0x244 /usr/local/pkg/sourcery-g++-lite-arm-eabi-2010.09.51-i686-1/arm-none-eabi/lib/thumb2/libc.a(lib_a-mprec.o)
 .debug_frame   0x00000888       0x28 /usr/local/pkg/sourcery-g++-lite-arm-eabi-2010.09.51-i686-1/arm-none-eabi/lib/thumb2/libc.a(lib_a-s_fpclassify.o)
 .debug_frame   0x000008b0       0x2c /usr/local/pkg/sourcery-g++-lite-arm-eabi-2010.09.51-i686-1/arm-none-eabi/lib/thumb2/libc.a(lib_a-sbrkr.o)
 .debug_frame   0x000008dc       0x30 /usr/local/pkg/sourcery-g++-lite-arm-eabi-2010.09.51-i686-1/arm-none-eabi/lib/thumb2/libc.a(lib_a-strcmp.o)
 .debug_frame   0x0000090c       0x68 /usr/local/pkg/sourcery-g++-lite-arm-eabi-2010.09.51-i686-1/arm-none-eabi/lib/thumb2/libc.a(lib_a-svfiprintf.o)
 .debug_frame   0x00000974       0x2c /usr/local/pkg/sourcery-g++-lite-arm-eabi-2010.09.51-i686-1/arm-none-eabi/lib/thumb2/libc.a(lib_a-callocr.o)
 .debug_frame   0x000009a0       0x50 /usr/local/pkg/sourcery-g++-lite-arm-eabi-2010.09.51-i686-1/arm-none-eabi/lib/thumb2/libc.a(lib_a-freer.o)
 .debug_frame   0x000009f0       0x2c /usr/local/pkg/sourcery-g++-lite-arm-eabi-2010.09.51-i686-1/arm-none-eabi/lib/thumb2/libc.a(lib_a-memmove.o)
 .debug_frame   0x00000a1c       0x2c /usr/local/pkg/sourcery-g++-lite-arm-eabi-2010.09.51-i686-1/arm-none-eabi/lib/thumb2/libc.a(lib_a-memset.o)
 .debug_frame   0x00000a48       0x3c /usr/local/pkg/sourcery-g++-lite-arm-eabi-2010.09.51-i686-1/arm-none-eabi/lib/thumb2/libc.a(lib_a-reallocr.o)
 .debug_frame   0x00000a84       0x64 /usr/local/pkg/sourcery-g++-lite-arm-eabi-2010.09.51-i686-1/arm-none-eabi/lib/thumb2/libc.a(lib_a-reent.o)
 .debug_frame   0x00000ae8       0x20 /opt/york/cs/net/sourcery-g++-lite-arm-eabi-2010.09.51-i686-1/bin/../lib/gcc/arm-none-eabi/4.5.1/thumb2/libgcc.a(_udivsi3.o)
 .debug_frame   0x00000b08       0x50 /opt/york/cs/net/sourcery-g++-lite-arm-eabi-2010.09.51-i686-1/bin/../lib/gcc/arm-none-eabi/4.5.1/thumb2/libgcc.a(bpabi.o)
 .debug_frame   0x00000b58       0x3c /opt/york/cs/net/sourcery-g++-lite-arm-eabi-2010.09.51-i686-1/bin/../lib/gcc/arm-none-eabi/4.5.1/thumb2/libgcc.a(_divdi3.o)
 .debug_frame   0x00000b94       0x3c /opt/york/cs/net/sourcery-g++-lite-arm-eabi-2010.09.51-i686-1/bin/../lib/gcc/arm-none-eabi/4.5.1/thumb2/libgcc.a(_udivdi3.o)
 .debug_frame   0x00000bd0       0x30 /usr/local/pkg/sourcery-g++-lite-arm-eabi-2010.09.51-i686-1/arm-none-eabi/lib/thumb2/libm.a(lib_a-s_sin.o)
 .debug_frame   0x00000c00       0x3c /usr/local/pkg/sourcery-g++-lite-arm-eabi-2010.09.51-i686-1/arm-none-eabi/lib/thumb2/libm.a(lib_a-e_rem_pio2.o)
 .debug_frame   0x00000c3c       0x3c /usr/local/pkg/sourcery-g++-lite-arm-eabi-2010.09.51-i686-1/arm-none-eabi/lib/thumb2/libm.a(lib_a-k_cos.o)
 .debug_frame   0x00000c78       0x3c /usr/local/pkg/sourcery-g++-lite-arm-eabi-2010.09.51-i686-1/arm-none-eabi/lib/thumb2/libm.a(lib_a-k_rem_pio2.o)
 .debug_frame   0x00000cb4       0x3c /usr/local/pkg/sourcery-g++-lite-arm-eabi-2010.09.51-i686-1/arm-none-eabi/lib/thumb2/libm.a(lib_a-k_sin.o)
 .debug_frame   0x00000cf0       0x20 /usr/local/pkg/sourcery-g++-lite-arm-eabi-2010.09.51-i686-1/arm-none-eabi/lib/thumb2/libm.a(lib_a-s_fabs.o)
 .debug_frame   0x00000d10       0x34 /usr/local/pkg/sourcery-g++-lite-arm-eabi-2010.09.51-i686-1/arm-none-eabi/lib/thumb2/libm.a(lib_a-s_floor.o)
 .debug_frame   0x00000d44       0x30 /usr/local/pkg/sourcery-g++-lite-arm-eabi-2010.09.51-i686-1/arm-none-eabi/lib/thumb2/libm.a(lib_a-s_scalbn.o)
 .debug_frame   0x00000d74       0x28 /usr/local/pkg/sourcery-g++-lite-arm-eabi-2010.09.51-i686-1/arm-none-eabi/lib/thumb2/libm.a(lib_a-s_copysign.o)
 .debug_frame   0x00000d9c       0x20 /opt/york/cs/net/sourcery-g++-lite-arm-eabi-2010.09.51-i686-1/bin/../lib/gcc/arm-none-eabi/4.5.1/thumb2/libgcc.a(_divsi3.o)